Component: ARM Compiler 5.06 update 6 (build 750) Tool: armlink [4d35ed]

==============================================================================

Section Cross References

    startup.o(STACK) refers (Special) to heapauxi.o(.text) for __use_two_region_memory
    startup.o(HEAP) refers (Special) to heapauxi.o(.text) for __use_two_region_memory
    startup.o(RESET) refers (Special) to heapauxi.o(.text) for __use_two_region_memory
    startup.o(RESET) refers to startup.o(STACK) for StackMem
    startup.o(RESET) refers to systick.o(i.SysTick_Handler) for SysTick_Handler
    startup.o(RESET) refers to isrs.o(i.GPIOPortC_Handler) for GPIOPortC_Handler
    startup.o(RESET) refers to isrs.o(i.GPIOPortD_Handler) for GPIOPortD_Handler
    startup.o(RESET) refers to isrs.o(i.GPIOPortE_Handler) for GPIOPortE_Handler
    startup.o(RESET) refers to isrs.o(i.UART1_Handler) for UART1_Handler
    startup.o(RESET) refers to spaceinvaders.o(i.Timer2A_Handler) for Timer2A_Handler
    startup.o(RESET) refers to texas.o(i.Timer4A_Handler) for Timer4A_Handler
    startup.o(RESET) refers to texas.o(i.Timer5A_Handler) for Timer5A_Handler
    startup.o(RESET) refers to __main.o(!!!main) for __main
    startup.o(.text) refers (Special) to heapauxi.o(.text) for __use_two_region_memory
    startup.o(.text) refers to startup.o(HEAP) for HeapMem
    startup.o(.text) refers to startup.o(STACK) for StackMem
    nokia5110.o(i.Nokia5110_Clear) refers to nokia5110.o(i.lcdwrite) for lcdwrite
    nokia5110.o(i.Nokia5110_Clear) refers to nokia5110.o(i.Nokia5110_SetCursor) for Nokia5110_SetCursor
    nokia5110.o(i.Nokia5110_ClearBuffer) refers to nokia5110.o(.bss) for Screen
    nokia5110.o(i.Nokia5110_DisplayBuffer) refers to nokia5110.o(i.Nokia5110_DrawFullImage) for Nokia5110_DrawFullImage
    nokia5110.o(i.Nokia5110_DisplayBuffer) refers to nokia5110.o(.bss) for Screen
    nokia5110.o(i.Nokia5110_DrawFullImage) refers to nokia5110.o(i.Nokia5110_SetCursor) for Nokia5110_SetCursor
    nokia5110.o(i.Nokia5110_DrawFullImage) refers to nokia5110.o(i.lcdwrite) for lcdwrite
    nokia5110.o(i.Nokia5110_Init) refers to nokia5110.o(i.lcdwrite) for lcdwrite
    nokia5110.o(i.Nokia5110_OutChar) refers to nokia5110.o(i.lcdwrite) for lcdwrite
    nokia5110.o(i.Nokia5110_OutChar) refers to nokia5110.o(.constdata) for ASCII
    nokia5110.o(i.Nokia5110_OutString) refers to nokia5110.o(i.Nokia5110_OutChar) for Nokia5110_OutChar
    nokia5110.o(i.Nokia5110_OutUDec) refers to nokia5110.o(i.Nokia5110_OutString) for Nokia5110_OutString
    nokia5110.o(i.Nokia5110_OutUDec) refers to nokia5110.o(i.Nokia5110_OutChar) for Nokia5110_OutChar
    nokia5110.o(i.Nokia5110_PrintBMP) refers to nokia5110.o(.bss) for Screen
    nokia5110.o(i.Nokia5110_SetCursor) refers to nokia5110.o(i.lcdwrite) for lcdwrite
    random.o(.text) refers to random.o(DATA) for M
    texas.o(i.SetCode) refers to texas.o(.bss) for TExaS
    texas.o(i.SetCourse) refers to texas.o(.bss) for TExaS
    texas.o(i.SetMode) refers to texas.o(.bss) for TExaS
    texas.o(i.StartTimer4) refers to texas.o(.data) for ScopeCount
    texas.o(i.TExaS_Init) refers to texas.o(i.PLL_Init) for PLL_Init
    texas.o(i.TExaS_Init) refers to texas.o(i.SetCourse) for SetCourse
    texas.o(i.TExaS_Init) refers to texas.o(i.UART0_Init) for UART0_Init
    texas.o(i.TExaS_Init) refers to texas.o(i.SetCode) for SetCode
    texas.o(i.TExaS_Init) refers to texas.o(i.ADC1_Init) for ADC1_Init
    texas.o(i.TExaS_Init) refers to texas.o(.constdata) for IntroMsg
    texas.o(i.TExaS_Init) refers to texas.o(.bss) for TExaS
    texas.o(i.TExaS_Init) refers to texas.o(.data) for LastMode
    texas.o(i.Timer5A_Handler) refers to texas.o(i.ADC1_In) for ADC1_In
    texas.o(i.Timer5A_Handler) refers to texas.o(.data) for TExaS_Period
    main.o(i.main) refers to texas.o(i.TExaS_Init) for TExaS_Init
    main.o(i.main) refers to systick.o(i.Systick_Init) for Systick_Init
    main.o(i.main) refers to nokia5110.o(i.Nokia5110_Init) for Nokia5110_Init
    main.o(i.main) refers to nokia5110.o(i.Nokia5110_ClearBuffer) for Nokia5110_ClearBuffer
    main.o(i.main) refers to nokia5110.o(i.Nokia5110_DisplayBuffer) for Nokia5110_DisplayBuffer
    main.o(i.main) refers to spaceinvaders.o(i.game_Init) for game_Init
    main.o(i.main) refers to spaceinvaders.o(i.main_menu_select) for main_menu_select
    main.o(i.main) refers to spaceinvaders.o(i.generateEnemies) for generateEnemies
    main.o(i.main) refers to spaceinvaders.o(i.fire_PlayerBullet) for fire_PlayerBullet
    main.o(i.main) refers to spaceinvaders.o(i.check_Player_Collision) for check_Player_Collision
    main.o(i.main) refers to spaceinvaders.o(i.check_Bullet_Collision) for check_Bullet_Collision
    main.o(i.main) refers to spaceinvaders.o(i.draw_explosion) for draw_explosion
    main.o(i.main) refers to spaceinvaders.o(i.draw_player) for draw_player
    main.o(i.main) refers to spaceinvaders.o(i.draw_bullet) for draw_bullet
[...]
    spaceinvaders.o(i.Draw) refers to nokia5110.o(i.Nokia5110_PrintBMP) for Nokia5110_PrintBMP
    spaceinvaders.o(i.Draw) refers to nokia5110.o(i.Nokia5110_DisplayBuffer) for Nokia5110_DisplayBuffer
    spaceinvaders.o(i.Draw) refers to spaceinvaders.o(.bss) for Enemy
    spaceinvaders.o(i.Draw) refers to spaceinvaders.o(.data) for FrameCount
    spaceinvaders.o(i.GameOver) refers to nokia5110.o(i.Nokia5110_Clear) for Nokia5110_Clear
    spaceinvaders.o(i.GameOver) refers to systick.o(i.Systick_StopTimer) for Systick_StopTimer
    spaceinvaders.o(i.GameOver) refers to nokia5110.o(i.Nokia5110_SetCursor) for Nokia5110_SetCursor
    spaceinvaders.o(i.GameOver) refers to nokia5110.o(i.Nokia5110_OutString) for Nokia5110_OutString
    spaceinvaders.o(i.GameOver) refers to nokia5110.o(i.Nokia5110_OutUDec) for Nokia5110_OutUDec
    spaceinvaders.o(i.Init) refers to spaceinvaders.o(.bss) for Enemy
    spaceinvaders.o(i.Init) refers to spaceinvaders.o(.constdata) for SmallEnemy10PointA
    spaceinvaders.o(i.MAIN_MENU) refers to nokia5110.o(i.Nokia5110_Clear) for Nokia5110_Clear
    spaceinvaders.o(i.MAIN_MENU) refers to nokia5110.o(i.Nokia5110_SetCursor) for Nokia5110_SetCursor
    spaceinvaders.o(i.MAIN_MENU) refers to nokia5110.o(i.Nokia5110_OutString) for Nokia5110_OutString
    spaceinvaders.o(i.Move) refers to spaceinvaders.o(.bss) for Enemy
    spaceinvaders.o(i.Timer2A_Handler) refers to spaceinvaders.o(i.Move) for Move
    spaceinvaders.o(i.Timer2A_Handler) refers to spaceinvaders.o(.data) for TimerCount
    spaceinvaders.o(i.Timer2_Init) refers to spaceinvaders.o(.data) for TimerCount
    spaceinvaders.o(i.check_Bullet_Collision) refers to spaceinvaders.o(.bss) for playerBullet
    spaceinvaders.o(i.check_Bullet_Collision) refers to spaceinvaders.o(.data) for flag
    spaceinvaders.o(i.check_Player_Collision) refers to spaceinvaders.o(.bss) for enemies
    spaceinvaders.o(i.check_Player_Collision) refers to spaceinvaders.o(.data) for player
    spaceinvaders.o(i.clear_bullet) refers to nokia5110.o(i.Nokia5110_PrintBMP) for Nokia5110_PrintBMP
    spaceinvaders.o(i.clear_bullet) refers to spaceinvaders.o(.constdata) for Bullet_Map
    spaceinvaders.o(i.clear_player) refers to nokia5110.o(i.Nokia5110_PrintBMP) for Nokia5110_PrintBMP
    spaceinvaders.o(i.clear_player) refers to spaceinvaders.o(.data) for player
    spaceinvaders.o(i.clear_player) refers to spaceinvaders.o(.constdata) for PlayerShip0
    spaceinvaders.o(i.draw_bullet) refers to nokia5110.o(i.Nokia5110_PrintBMP) for Nokia5110_PrintBMP
    spaceinvaders.o(i.draw_bullet) refers to spaceinvaders.o(.bss) for playerBullet
    spaceinvaders.o(i.draw_bullet) refers to spaceinvaders.o(.constdata) for Bullet_Map
    spaceinvaders.o(i.draw_enemies) refers to nokia5110.o(i.Nokia5110_PrintBMP) for Nokia5110_PrintBMP
    spaceinvaders.o(i.draw_enemies) refers to spaceinvaders.o(.bss) for enemies
    spaceinvaders.o(i.draw_enemies) refers to spaceinvaders.o(.constdata) for SmallEnemy10PointA
    spaceinvaders.o(i.draw_explosion) refers to nokia5110.o(i.Nokia5110_PrintBMP) for Nokia5110_PrintBMP
    spaceinvaders.o(i.draw_explosion) refers to nokia5110.o(i.Nokia5110_DisplayBuffer) for Nokia5110_DisplayBuffer
    spaceinvaders.o(i.draw_explosion) refers to spaceinvaders.o(.bss) for playerBullet
    spaceinvaders.o(i.draw_explosion) refers to spaceinvaders.o(.data) for mnk4
    spaceinvaders.o(i.draw_explosion) refers to spaceinvaders.o(.constdata) for smallexplosion0
    spaceinvaders.o(i.draw_player) refers to spaceinvaders.o(i.GameOver) for GameOver
    spaceinvaders.o(i.draw_player) refers to exit.o(.text) for exit
    spaceinvaders.o(i.draw_player) refers to spaceinvaders.o(i.move_left) for move_left
    spaceinvaders.o(i.draw_player) refers to spaceinvaders.o(i.move_right) for move_right
    spaceinvaders.o(i.draw_player) refers to nokia5110.o(i.Nokia5110_PrintBMP) for Nokia5110_PrintBMP
    spaceinvaders.o(i.draw_player) refers to spaceinvaders.o(.data) for lifes
    spaceinvaders.o(i.draw_player) refers to spaceinvaders.o(.constdata) for PlayerShip0
    spaceinvaders.o(i.fire_PlayerBullet) refers to spaceinvaders.o(.bss) for playerBullet
    spaceinvaders.o(i.fire_PlayerBullet) refers to spaceinvaders.o(.data) for player
    spaceinvaders.o(i.game_Init) refers to port.o(i.Port_Init) for Port_Init
    spaceinvaders.o(i.game_Init) refers to port.o(i.Port_EXTI_Init) for Port_EXTI_Init
    spaceinvaders.o(i.game_Init) refers to intctrl.o(i.IntCrtl_Init) for IntCrtl_Init
    spaceinvaders.o(i.game_Init) refers to systick.o(i.Systick_StartTimer) for Systick_StartTimer
    spaceinvaders.o(i.game_Init) refers to cpu_driver.o(i.cpuDriver_EnableGlobalInterrupt) for cpuDriver_EnableGlobalInterrupt
    spaceinvaders.o(i.game_Init) refers to spaceinvaders_lcfg.o(.data) for Move_Right_Button
    spaceinvaders.o(i.game_Init) refers to intctrl_lcfg.o(.data) for Int_RightButton
    spaceinvaders.o(i.game_Init) refers to spaceinvaders.o(.bss) for playerBullet
    spaceinvaders.o(i.game_Init) refers to spaceinvaders.o(i.updatePlayerBullet) for updatePlayerBullet
    spaceinvaders.o(i.generateEnemies) refers to random.o(.text) for Random
    spaceinvaders.o(i.generateEnemies) refers to spaceinvaders.o(.bss) for enemies
    spaceinvaders.o(i.main_menu_select) refers to spaceinvaders.o(i.MAIN_MENU) for MAIN_MENU
    spaceinvaders.o(i.main_menu_select) refers to systick.o(i.Systick_StartTimer) for Systick_StartTimer
    spaceinvaders.o(i.main_menu_select) refers to spaceinvaders.o(i.BYE) for BYE
    spaceinvaders.o(i.main_menu_select) refers to exit.o(.text) for exit
    spaceinvaders.o(i.main_menu_select) refers to spaceinvaders.o(.data) for start
    spaceinvaders.o(i.main_menu_select) refers to spaceinvaders.o(i.updatePlayerBullet) for updatePlayerBullet
    spaceinvaders.o(i.move_left) refers to spaceinvaders.o(.data) for player
    spaceinvaders.o(i.move_right) refers to spaceinvaders.o(.data) for player
    spaceinvaders.o(i.updatePlayerBullet) refers to systick.o(i.Systick_StopTimer) for Systick_StopTimer
    spaceinvaders.o(i.updatePlayerBullet) refers to systick.o(i.Systick_StartTimer) for Systick_StartTimer
    spaceinvaders.o(i.updatePlayerBullet) refers to spaceinvaders.o(.data) for generateCount
    spaceinvaders.o(i.updatePlayerBullet) refers to spaceinvaders.o(.bss) for playerBullet
    isrs.o(i.GPIOPortC_Handler) refers to spaceinvaders_lcfg.o(.data) for Move_Left_Button
    isrs.o(i.GPIOPortC_Handler) refers to spaceinvaders.o(.data) for bye
    isrs.o(i.GPIOPortD_Handler) refers to spaceinvaders_lcfg.o(.data) for Move_Right_Button
    isrs.o(i.GPIOPortD_Handler) refers to spaceinvaders.o(.data) for start
    isrs.o(i.GPIOPortE_Handler) refers to spaceinvaders_lcfg.o(.data) for Fire_Button
    isrs.o(i.GPIOPortE_Handler) refers to spaceinvaders.o(.data) for fireBullet_Flag
    isrs.o(i.UART1_Handler) refers to spaceinvaders.o(.data) for receivedChar
    intctrl.o(i.IntCrtl_Init) refers to intctrl.o(i.IntCtrl_EnableIRQ) for IntCtrl_EnableIRQ
    port.o(i.Port_Init) refers to port.o(.data) for x
    systick.o(i.SysTick_Handler) refers to systick.o(i.Systick_StopTimer) for Systick_StopTimer
    systick.o(i.SysTick_Handler) refers to systick.o(.data) for Ptr_to_Fn
    systick.o(i.Systick_ChangeTiming) refers to systick.o(.data) for Ptr_to_Fn
    systick.o(i.Systick_StartTimer) refers to systick.o(.data) for Ptr_to_Fn
    exit.o(.text) refers to rtexit.o(.ARM.Collect$$rtexit$$00000000) for __rt_exit
    __main.o(!!!main) refers to __rtentry.o(.ARM.Collect$$rtentry$$00000000) for __rt_entry
    __rtentry.o(.ARM.Collect$$rtentry$$00000000) refers (Special) to __rtentry2.o(.ARM.Collect$$rtentry$$0000000A) for __rt_entry_li
    __rtentry.o(.ARM.Collect$$rtentry$$00000000) refers (Special) to __rtentry2.o(.ARM.Collect$$rtentry$$0000000D) for __rt_entry_main
    __rtentry.o(.ARM.Collect$$rtentry$$00000000) refers (Special) to __rtentry2.o(.ARM.Collect$$rtentry$$0000000C) for __rt_entry_postli_1
    __rtentry.o(.ARM.Collect$$rtentry$$00000000) refers (Special) to __rtentry2.o(.ARM.Collect$$rtentry$$00000009) for __rt_entry_postsh_1
    __rtentry.o(.ARM.Collect$$rtentry$$00000000) refers (Special) to __rtentry2.o(.ARM.Collect$$rtentry$$00000002) for __rt_entry_presh_1
    __rtentry.o(.ARM.Collect$$rtentry$$00000000) refers (Special) to __rtentry4.o(.ARM.Collect$$rtentry$$00000004) for __rt_entry_sh
    rtexit.o(.ARM.Collect$$rtexit$$00000000) refers (Special) to rtexit2.o(.ARM.Collect$$rtexit$$00000004) for __rt_exit_exit
    rtexit.o(.ARM.Collect$$rtexit$$00000000) refers (Special) to rtexit2.o(.ARM.Collect$$rtexit$$00000003) for __rt_exit_ls
    rtexit.o(.ARM.Collect$$rtexit$$00000000) refers (Special) to rtexit2.o(.ARM.Collect$$rtexit$$00000002) for __rt_exit_prels_1
    rtexit.o(.ARM.exidx) refers (Special) to rtexit2.o(.ARM.Collect$$rtexit$$00000004) for __rt_exit_exit
    rtexit.o(.ARM.exidx) refers (Special) to rtexit2.o(.ARM.Collect$$rtexit$$00000003) for __rt_exit_ls
    rtexit.o(.ARM.exidx) refers (Special) to rtexit2.o(.ARM.Collect$$rtexit$$00000002) for __rt_exit_prels_1
    rtexit.o(.ARM.exidx) refers to rtexit.o(.ARM.Collect$$rtexit$$00000000) for .ARM.Collect$$rtexit$$00000000
    __rtentry2.o(.ARM.Collect$$rtentry$$00000008) refers to boardinit2.o(.text) for _platform_post_stackheap_init
    __rtentry2.o(.ARM.Collect$$rtentry$$0000000A) refers to libinit.o(.ARM.Collect$$libinit$$00000000) for __rt_lib_init
    __rtentry2.o(.ARM.Collect$$rtentry$$0000000B) refers to boardinit3.o(.text) for _platform_post_lib_init
    __rtentry2.o(.ARM.Collect$$rtentry$$0000000D) refers to main.o(i.main) for main
    __rtentry2.o(.ARM.Collect$$rtentry$$0000000D) refers to exit.o(.text) for exit
    __rtentry2.o(.ARM.exidx) refers to __rtentry2.o(.ARM.Collect$$rtentry$$00000001) for .ARM.Collect$$rtentry$$00000001
    __rtentry2.o(.ARM.exidx) refers to __rtentry2.o(.ARM.Collect$$rtentry$$00000008) for .ARM.Collect$$rtentry$$00000008
    __rtentry2.o(.ARM.exidx) refers to __rtentry2.o(.ARM.Collect$$rtentry$$0000000A) for .ARM.Collect$$rtentry$$0000000A
    __rtentry2.o(.ARM.exidx) refers to __rtentry2.o(.ARM.Collect$$rtentry$$0000000B) for .ARM.Collect$$rtentry$$0000000B
    __rtentry2.o(.ARM.exidx) refers to __rtentry2.o(.ARM.Collect$$rtentry$$0000000D) for .ARM.Collect$$rtentry$$0000000D
    __rtentry4.o(.ARM.Collect$$rtentry$$00000004) refers to sys_stackheap_outer.o(.text) for __user_setup_stackheap
    __rtentry4.o(.ARM.exidx) refers to __rtentry4.o(.ARM.Collect$$rtentry$$00000004) for .ARM.Collect$$rtentry$$00000004
    rtexit2.o(.ARM.Collect$$rtexit$$00000003) refers to libshutdown.o(.ARM.Collect$$libshutdown$$00000000) for __rt_lib_shutdown
    rtexit2.o(.ARM.Collect$$rtexit$$00000004) refers to sys_exit.o(.text) for _sys_exit
    rtexit2.o(.ARM.exidx) refers to rtexit2.o(.ARM.Collect$$rtexit$$00000001) for .ARM.Collect$$rtexit$$00000001
    rtexit2.o(.ARM.exidx) refers to rtexit2.o(.ARM.Collect$$rtexit$$00000003) for .ARM.Collect$$rtexit$$00000003
    rtexit2.o(.ARM.exidx) refers to rtexit2.o(.ARM.Collect$$rtexit$$00000004) for .ARM.Collect$$rtexit$$00000004
    sys_exit.o(.text) refers (Special) to use_no_semi.o(.text) for __I$use$semihosting
    sys_exit.o(.text) refers (Special) to indicate_semi.o(.text) for __semihosting_library_function
    sys_stackheap_outer.o(.text) refers to libspace.o(.text) for __user_perproc_libspace
    sys_stackheap_outer.o(.text) refers to startup.o(.text) for __user_initial_stackheap
    libinit.o(.ARM.Collect$$libinit$$00000000) refers (Special) to libinit2.o(.ARM.Collect$$libinit$$0000002E) for __rt_lib_init_alloca_1
    libinit.o(.ARM.Collect$$libinit$$00000000) refers (Special) to libinit2.o(.ARM.Collect$$libinit$$0000002C) for __rt_lib_init_argv_1
    libinit.o(.ARM.Collect$$libinit$$00000000) refers (Special) to libinit2.o(.ARM.Collect$$libinit$$0000001B) for __rt_lib_init_atexit_1
    libinit.o(.ARM.Collect$$libinit$$00000000) refers (Special) to libinit2.o(.ARM.Collect$$libinit$$00000021) for __rt_lib_init_clock_1
    libinit.o(.ARM.Collect$$libinit$$00000000) refers (Special) to libinit2.o(.ARM.Collect$$libinit$$00000032) for __rt_lib_init_cpp_1
    libinit.o(.ARM.Collect$$libinit$$00000000) refers (Special) to libinit2.o(.ARM.Collect$$libinit$$00000030) for __rt_lib_init_exceptions_1
    libinit.o(.ARM.Collect$$libinit$$00000000) refers (Special) to libinit2.o(.ARM.Collect$$libinit$$00000002) for __rt_lib_init_fp_1
    libinit.o(.ARM.Collect$$libinit$$00000000) refers (Special) to libinit2.o(.ARM.Collect$$libinit$$0000001F) for __rt_lib_init_fp_trap_1
    libinit.o(.ARM.Collect$$libinit$$00000000) refers (Special) to libinit2.o(.ARM.Collect$$libinit$$00000023) for __rt_lib_init_getenv_1
    libinit.o(.ARM.Collect$$libinit$$00000000) refers (Special) to libinit2.o(.ARM.Collect$$libinit$$0000000A) for __rt_lib_init_heap_1
    libinit.o(.ARM.Collect$$libinit$$00000000) refers (Special) to libinit2.o(.ARM.Collect$$libinit$$00000011) for __rt_lib_init_lc_collate_1
    libinit.o(.ARM.Collect$$libinit$$00000000) refers (Special) to libinit2.o(.ARM.Collect$$libinit$$00000013) for __rt_lib_init_lc_ctype_1
    libinit.o(.ARM.Collect$$libinit$$00000000) refers (Special) to libinit2.o(.ARM.Collect$$libinit$$00000015) for __rt_lib_init_lc_monetary_1
    libinit.o(.ARM.Collect$$libinit$$00000000) refers (Special) to libinit2.o(.ARM.Collect$$libinit$$00000017) for __rt_lib_init_lc_numeric_1
    libinit.o(.ARM.Collect$$libinit$$00000000) refers (Special) to libinit2.o(.ARM.Collect$$libinit$$00000019) for __rt_lib_init_lc_time_1
    libinit.o(.ARM.Collect$$libinit$$00000000) refers (Special) to libinit2.o(.ARM.Collect$$libinit$$00000004) for __rt_lib_init_preinit_1
    libinit.o(.ARM.Collect$$libinit$$00000000) refers (Special) to libinit2.o(.ARM.Collect$$libinit$$0000000E) for __rt_lib_init_rand_1
    libinit.o(.ARM.Collect$$libinit$$00000000) refers (Special) to libinit2.o(.ARM.Collect$$libinit$$00000033) for __rt_lib_init_return
    libinit.o(.ARM.Collect$$libinit$$00000000) refers (Special) to libinit2.o(.ARM.Collect$$libinit$$0000001D) for __rt_lib_init_signal_1
    libinit.o(.ARM.Collect$$libinit$$00000000) refers (Special) to libinit2.o(.ARM.Collect$$libinit$$00000025) for __rt_lib_init_stdio_1
    libinit.o(.ARM.Collect$$libinit$$00000000) refers (Special) to libinit2.o(.ARM.Collect$$libinit$$0000000C) for __rt_lib_init_user_alloc_1
    libshutdown.o(.ARM.Collect$$libshutdown$$00000000) refers (Special) to libshutdown2.o(.ARM.Collect$$libshutdown$$00000002) for __rt_lib_shutdown_cpp_1
    libshutdown.o(.ARM.Collect$$libshutdown$$00000000) refers (Special) to libshutdown2.o(.ARM.Collect$$libshutdown$$00000007) for __rt_lib_shutdown_fp_trap_1
    libshutdown.o(.ARM.Collect$$libshutdown$$00000000) refers (Special) to libshutdown2.o(.ARM.Collect$$libshutdown$$0000000F) for __rt_lib_shutdown_heap_1
    libshutdown.o(.ARM.Collect$$libshutdown$$00000000) refers (Special) to libshutdown2.o(.ARM.Collect$$libshutdown$$00000010) for __rt_lib_shutdown_return
    libshutdown.o(.ARM.Collect$$libshutdown$$00000000) refers (Special) to libshutdown2.o(.ARM.Collect$$libshutdown$$0000000A) for __rt_lib_shutdown_signal_1
    libshutdown.o(.ARM.Collect$$libshutdown$$00000000) refers (Special) to libshutdown2.o(.ARM.Collect$$libshutdown$$00000004) for __rt_lib_shutdown_stdio_1
    libshutdown.o(.ARM.Collect$$libshutdown$$00000000) refers (Special) to libshutdown2.o(.ARM.Collect$$libshutdown$$0000000C) for __rt_lib_shutdown_user_alloc_1
    libspace.o(.text) refers to libspace.o(.bss) for __libspace_start
    libinit2.o(.ARM.Collect$$libinit$$00000010) refers to libinit2.o(.ARM.Collect$$libinit$$0000000F) for .ARM.Collect$$libinit$$0000000F
    libinit2.o(.ARM.Collect$$libinit$$00000012) refers to libinit2.o(.ARM.Collect$$libinit$$0000000F) for .ARM.Collect$$libinit$$0000000F
    libinit2.o(.ARM.Collect$$libinit$$00000014) refers to libinit2.o(.ARM.Collect$$libinit$$0000000F) for .ARM.Collect$$libinit$$0000000F
    libinit2.o(.ARM.Collect$$libinit$$00000016) refers to libinit2.o(.ARM.Collect$$libinit$$0000000F) for .ARM.Collect$$libinit$$0000000F
    libinit2.o(.ARM.Collect$$libinit$$00000018) refers to libinit2.o(.ARM.Collect$$libinit$$0000000F) for .ARM.Collect$$libinit$$0000000F
    libinit2.o(.ARM.Collect$$libinit$$00000026) refers to argv_veneer.o(.emb_text) for __ARM_argv_veneer
    libinit2.o(.ARM.Collect$$libinit$$00000027) refers to argv_veneer.o(.emb_text) for __ARM_argv_veneer
    argv_veneer.o(.emb_text) refers to no_argv.o(.text) for __ARM_get_argv
    _get_argv_nomalloc.o(.text) refers (Special) to hrguard.o(.text) for __heap_region$guard
    _get_argv_nomalloc.o(.text) refers to defsig_rtmem_outer.o(.text) for __rt_SIGRTMEM
    _get_argv_nomalloc.o(.text) refers to sys_command.o(.text) for _sys_command_string
    sys_command.o(.text) refers (Special) to use_no_semi.o(.text) for __I$use$semihosting
    sys_command.o(.text) refers (Special) to indicate_semi.o(.text) for __semihosting_library_function
    defsig_rtmem_outer.o(.text) refers to defsig_rtmem_inner.o(.text) for __rt_SIGRTMEM_inner
    defsig_rtmem_outer.o(.text) refers to defsig_exit.o(.text) for __sig_exit
    defsig_rtmem_formal.o(.text) refers to rt_raise.o(.text) for __rt_raise
    rt_raise.o(.text) refers to __raise.o(.text) for __raise
    rt_raise.o(.text) refers to sys_exit.o(.text) for _sys_exit
    defsig_exit.o(.text) refers to sys_exit.o(.text) for _sys_exit
    defsig_rtmem_inner.o(.text) refers to defsig_general.o(.text) for __default_signal_display
    __raise.o(.text) refers to defsig.o(CL$$defsig) for __default_signal_handler
    defsig_general.o(.text) refers to sys_wrch.o(.text) for _ttywrch
    sys_wrch.o(.text) refers (Special) to use_no_semi.o(.text) for __I$use$semihosting
    sys_wrch.o(.text) refers (Special) to indicate_semi.o(.text) for __semihosting_library_function
    defsig.o(CL$$defsig) refers to defsig_rtmem_inner.o(.text) for __rt_SIGRTMEM_inner
    defsig_abrt_inner.o(.text) refers to defsig_general.o(.text) for __default_signal_display
    defsig_fpe_inner.o(.text) refers to defsig_general.o(.text) for __default_signal_display
    defsig_rtred_inner.o(.text) refers to defsig_general.o(.text) for __default_signal_display
    defsig_stak_inner.o(.text) refers to defsig_general.o(.text) for __default_signal_display
    defsig_pvfn_inner.o(.text) refers to defsig_general.o(.text) for __default_signal_display
    defsig_cppl_inner.o(.text) refers to defsig_general.o(.text) for __default_signal_display
    defsig_segv_inner.o(.text) refers to defsig_general.o(.text) for __default_signal_display
    defsig_other.o(.text) refers to defsig_general.o(.text) for __default_signal_display


==============================================================================

Removing Unused input sections from the image.

    Removing texas.o(i.SetMode), (24 bytes).
    Removing texas.o(i.StartTimer4), (36 bytes).
    Removing texas.o(i.StopTimer4), (24 bytes).
    Removing texas.o(i.TExaS_Stop), (24 bytes).
    Removing texas.o(i.UART0_InChar), (28 bytes).
    Removing texas.o(i.UART0_InCharNonBlocking), (28 bytes).
    Removing texas.o(i.UART0_OutChar), (24 bytes).
    Removing texas.o(i.UART0_OutCharNonBlock), (12 bytes).
    Removing texas.o(i.copy), (18 bytes).
    Removing main.o(.constdata), (480 bytes).
    Removing spaceinvaders.o(i.UART_InChar), (28 bytes).
    Removing spaceinvaders.o(i.UART_Init), (104 bytes).
    Removing spaceinvaders.o(i.clear_bullet), (28 bytes).
    Removing spaceinvaders.o(i.clear_player), (28 bytes).
    Removing spaceinvaders.o(i.delay_ms), (26 bytes).
    Removing spaceinvaders.o(i.uartOutChar), (24 bytes).
    Removing isrs.o(.constdata), (480 bytes).
    Removing dio.o(i.DIO_FlipChannel), (204 bytes).
    Removing dio.o(i.DIO_ReadChannel), (168 bytes).
    Removing dio.o(i.DIO_ReadPort), (80 bytes).
    Removing dio.o(i.DIO_WriteChannel), (232 bytes).
    Removing dio.o(i.DIO_WritePort), (80 bytes).
    Removing systick.o(i.Systick_ChangeTiming), (36 bytes).
    Removing cpu_driver.o(i.cpuDriver_DisableGlobalInterrupt), (4 bytes).
    Removing cpu_driver.o(i.cpuDriver_DisablePriviledgeMode), (8 bytes).
    Removing cpu_driver.o(i.cpuDriver_EnablePriviledgeMode), (6 bytes).

26 unused section(s) (total 2234 bytes) removed from the image.

==============================================================================

Image Symbol Table

    Local Symbols

    Symbol Name                              Value     Ov Type        Size  Object(Section)

    RESET                                    0x00000000   Section      644  startup.o(RESET)
    ../clib/angel/boardlib.s                 0x00000000   Number         0  boardshut.o ABSOLUTE
    ../clib/angel/boardlib.s                 0x00000000   Number         0  boardinit1.o ABSOLUTE
    ../clib/angel/boardlib.s                 0x00000000   Number         0  boardinit3.o ABSOLUTE
    ../clib/angel/boardlib.s                 0x00000000   Number         0  boardinit2.o ABSOLUTE
    ../clib/angel/handlers.s                 0x00000000   Number         0  __scatter_zi.o ABSOLUTE
    ../clib/angel/handlers.s                 0x00000000   Number         0  __scatter_copy.o ABSOLUTE
    ../clib/angel/kernel.s                   0x00000000   Number         0  __rtentry.o ABSOLUTE
    ../clib/angel/kernel.s                   0x00000000   Number         0  rtexit2.o ABSOLUTE
    ../clib/angel/kernel.s                   0x00000000   Number         0  __rtentry4.o ABSOLUTE
    ../clib/angel/kernel.s                   0x00000000   Number         0  __rtentry2.o ABSOLUTE
    ../clib/angel/kernel.s                   0x00000000   Number         0  rtexit.o ABSOLUTE
    ../clib/angel/rt.s                       0x00000000   Number         0  rt_raise.o ABSOLUTE
    ../clib/angel/scatter.s                  0x00000000   Number         0  __scatter.o ABSOLUTE
    ../clib/angel/startup.s                  0x00000000   Number         0  __main.o ABSOLUTE
    ../clib/angel/sys.s                      0x00000000   Number         0  sys_stackheap_outer.o ABSOLUTE
    ../clib/angel/sys.s                      0x00000000   Number         0  libspace.o ABSOLUTE
    ../clib/angel/sys.s                      0x00000000   Number         0  indicate_semi.o ABSOLUTE
    ../clib/angel/sys.s                      0x00000000   Number         0  use_no_semi.o ABSOLUTE
    ../clib/angel/sysapp.c                   0x00000000   Number         0  sys_wrch.o ABSOLUTE
    ../clib/angel/sysapp.c                   0x00000000   Number         0  sys_exit.o ABSOLUTE
    ../clib/angel/sysapp.c                   0x00000000   Number         0  sys_command.o ABSOLUTE
    ../clib/armsys.c                         0x00000000   Number         0  no_argv.o ABSOLUTE
    ../clib/armsys.c                         0x00000000   Number         0  argv_veneer.o ABSOLUTE
    ../clib/armsys.c                         0x00000000   Number         0  argv_veneer.o ABSOLUTE
    ../clib/armsys.c                         0x00000000   Number         0  _get_argv_nomalloc.o ABSOLUTE
    ../clib/heapalloc.c                      0x00000000   Number         0  hrguard.o ABSOLUTE
    ../clib/heapaux.c                        0x00000000   Number         0  heapauxi.o ABSOLUTE
    ../clib/libinit.s                        0x00000000   Number         0  libshutdown2.o ABSOLUTE
    ../clib/libinit.s                        0x00000000   Number         0  libinit2.o ABSOLUTE
    ../clib/libinit.s                        0x00000000   Number         0  libshutdown.o ABSOLUTE
    ../clib/libinit.s                        0x00000000   Number         0  libinit.o ABSOLUTE
    ../clib/signal.c                         0x00000000   Number         0  defsig_segv_inner.o ABSOLUTE
    ../clib/signal.c                         0x00000000   Number         0  defsig_cppl_inner.o ABSOLUTE
    ../clib/signal.c                         0x00000000   Number         0  defsig_pvfn_inner.o ABSOLUTE
    ../clib/signal.c                         0x00000000   Number         0  defsig_stak_inner.o ABSOLUTE
    ../clib/signal.c                         0x00000000   Number         0  defsig_rtred_inner.o ABSOLUTE
    ../clib/signal.c                         0x00000000   Number         0  defsig_fpe_inner.o ABSOLUTE
    ../clib/signal.c                         0x00000000   Number         0  defsig_abrt_inner.o ABSOLUTE
    ../clib/signal.c                         0x00000000   Number         0  defsig_rtmem_outer.o ABSOLUTE
    ../clib/signal.c                         0x00000000   Number         0  defsig_other.o ABSOLUTE
    ../clib/signal.c                         0x00000000   Number         0  defsig_rtmem_formal.o ABSOLUTE
    ../clib/signal.c                         0x00000000   Number         0  defsig_exit.o ABSOLUTE
    ../clib/signal.c                         0x00000000   Number         0  defsig_rtmem_inner.o ABSOLUTE
    ../clib/signal.c                         0x00000000   Number         0  __raise.o ABSOLUTE
    ../clib/signal.c                         0x00000000   Number         0  defsig_general.o ABSOLUTE
    ../clib/signal.s                         0x00000000   Number         0  defsig.o ABSOLUTE
    ../clib/stdlib.c                         0x00000000   Number         0  exit.o ABSOLUTE
    ../fplib/fpinit.s                        0x00000000   Number         0  fpinit.o ABSOLUTE
    APP\main.c                               0x00000000   Number         0  main.o ABSOLUTE
    HAL\src\ISRs.c                           0x00000000   Number         0  isrs.o ABSOLUTE
    HAL\src\spaceInvaders.c                  0x00000000   Number         0  spaceinvaders.o ABSOLUTE
    HAL\src\spaceInvaders_Lcfg.c             0x00000000   Number         0  spaceinvaders_lcfg.o ABSOLUTE
    LIBRARIES\CpuDriver\src\cpu_driver.c     0x00000000   Number         0  cpu_driver.o ABSOLUTE
    MCAL\DIO\Src\Dio.c                       0x00000000   Number         0  dio.o ABSOLUTE
    MCAL\INTERRUPT\Src\IntCtrl.c             0x00000000   Number         0  intctrl.o ABSOLUTE
    MCAL\INTERRUPT\Src\IntCtrl_Lcfg.c        0x00000000   Number         0  intctrl_lcfg.o ABSOLUTE
    MCAL\PORT\Src\Port.c                     0x00000000   Number         0  port.o ABSOLUTE
    MCAL\PORT\Src\Port_Lcfg.c                0x00000000   Number         0  port_lcfg.o ABSOLUTE
    MCAL\SYSTICK\Src\Systick.c               0x00000000   Number         0  systick.o ABSOLUTE
    Nokia5110.c                              0x00000000   Number         0  nokia5110.o ABSOLUTE
    TExaS.c                                  0x00000000   Number         0  texas.o ABSOLUTE
    dc.s                                     0x00000000   Number         0  dc.o ABSOLUTE
    random.s                                 0x00000000   Number         0  random.o ABSOLUTE
    startup.s                                0x00000000   Number         0  startup.o ABSOLUTE
    !!!main                                  0x00000284   Section        8  __main.o(!!!main)
    !!!scatter                               0x0000028c   Section       52  __scatter.o(!!!scatter)
    !!handler_copy                           0x000002c0   Section       26  __scatter_copy.o(!!handler_copy)
    !!handler_zi                             0x000002dc   Section       28  __scatter_zi.o(!!handler_zi)
    .ARM.Collect$$libinit$$00000000          0x000002f8   Section        2  libinit.o(.ARM.Collect$$libinit$$00000000)
    .ARM.Collect$$libinit$$00000002          0x000002fa   Section        0  libinit2.o(.ARM.Collect$$libinit$$00000002)
    .ARM.Collect$$libinit$$00000004          0x000002fa   Section        0  libinit2.o(.ARM.Collect$$libinit$$00000004)
    .ARM.Collect$$libinit$$0000000A          0x000002fa   Section        0  libinit2.o(.ARM.Collect$$libinit$$0000000A)
    .ARM.Collect$$libinit$$0000000C          0x000002fa   Section        0  libinit2.o(.ARM.Collect$$libinit$$0000000C)
    .ARM.Collect$$libinit$$0000000E          0x000002fa   Section        0  libinit2.o(.ARM.Collect$$libinit$$0000000E)
    .ARM.Collect$$libinit$$00000011          0x000002fa   Section        0  libinit2.o(.ARM.Collect$$libinit$$00000011)
    .ARM.Collect$$libinit$$00000013          0x000002fa   Section        0  libinit2.o(.ARM.Collect$$libinit$$00000013)
    .ARM.Collect$$libinit$$00000015          0x000002fa   Section        0  libinit2.o(.ARM.Collect$$libinit$$00000015)
    .ARM.Collect$$libinit$$00000017          0x000002fa   Section        0  libinit2.o(.ARM.Collect$$libinit$$00000017)
    .ARM.Collect$$libinit$$00000019          0x000002fa   Section        0  libinit2.o(.ARM.Collect$$libinit$$00000019)
    .ARM.Collect$$libinit$$0000001B          0x000002fa   Section        0  libinit2.o(.ARM.Collect$$libinit$$0000001B)
    .ARM.Collect$$libinit$$0000001D          0x000002fa   Section        0  libinit2.o(.ARM.Collect$$libinit$$0000001D)
    .ARM.Collect$$libinit$$0000001F          0x000002fa   Section        0  libinit2.o(.ARM.Collect$$libinit$$0000001F)
    .ARM.Collect$$libinit$$00000021          0x000002fa   Section        0  libinit2.o(.ARM.Collect$$libinit$$00000021)
    .ARM.Collect$$libinit$$00000023          0x000002fa   Section        0  libinit2.o(.ARM.Collect$$libinit$$00000023)
    .ARM.Collect$$libinit$$00000025          0x000002fa   Section        0  libinit2.o(.ARM.Collect$$libinit$$00000025)
    .ARM.Collect$$libinit$$0000002C          0x000002fa   Section        0  libinit2.o(.ARM.Collect$$libinit$$0000002C)
    .ARM.Collect$$libinit$$0000002E          0x000002fa   Section        0  libinit2.o(.ARM.Collect$$libinit$$0000002E)
    .ARM.Collect$$libinit$$00000030          0x000002fa   Section        0  libinit2.o(.ARM.Collect$$libinit$$00000030)
    .ARM.Collect$$libinit$$00000032          0x000002fa   Section        0  libinit2.o(.ARM.Collect$$libinit$$00000032)
    .ARM.Collect$$libinit$$00000033          0x000002fa   Section        2  libinit2.o(.ARM.Collect$$libinit$$00000033)
    .ARM.Collect$$libshutdown$$00000000      0x000002fc   Section        2  libshutdown.o(.ARM.Collect$$libshutdown$$00000000)
    .ARM.Collect$$libshutdown$$00000002      0x000002fe   Section        0  libshutdown2.o(.ARM.Collect$$libshutdown$$00000002)
    .ARM.Collect$$libshutdown$$00000004      0x000002fe   Section        0  libshutdown2.o(.ARM.Collect$$libshutdown$$00000004)
    .ARM.Collect$$libshutdown$$00000007      0x000002fe   Section        0  libshutdown2.o(.ARM.Collect$$libshutdown$$00000007)
    .ARM.Collect$$libshutdown$$0000000A      0x000002fe   Section        0  libshutdown2.o(.ARM.Collect$$libshutdown$$0000000A)
    .ARM.Collect$$libshutdown$$0000000C      0x000002fe   Section        0  libshutdown2.o(.ARM.Collect$$libshutdown$$0000000C)
    .ARM.Collect$$libshutdown$$0000000F      0x000002fe   Section        0  libshutdown2.o(.ARM.Collect$$libshutdown$$0000000F)
    .ARM.Collect$$libshutdown$$00000010      0x000002fe   Section        2  libshutdown2.o(.ARM.Collect$$libshutdown$$00000010)
    .ARM.Collect$$rtentry$$00000000          0x00000300   Section        0  __rtentry.o(.ARM.Collect$$rtentry$$00000000)
    .ARM.Collect$$rtentry$$00000002          0x00000300   Section        0  __rtentry2.o(.ARM.Collect$$rtentry$$00000002)
    .ARM.Collect$$rtentry$$00000004          0x00000300   Section        6  __rtentry4.o(.ARM.Collect$$rtentry$$00000004)
    .ARM.Collect$$rtentry$$00000009          0x00000306   Section        0  __rtentry2.o(.ARM.Collect$$rtentry$$00000009)
    .ARM.Collect$$rtentry$$0000000A          0x00000306   Section        4  __rtentry2.o(.ARM.Collect$$rtentry$$0000000A)
    .ARM.Collect$$rtentry$$0000000C          0x0000030a   Section        0  __rtentry2.o(.ARM.Collect$$rtentry$$0000000C)
    .ARM.Collect$$rtentry$$0000000D          0x0000030a   Section        8  __rtentry2.o(.ARM.Collect$$rtentry$$0000000D)
    .ARM.Collect$$rtexit$$00000000           0x00000312   Section        2  rtexit.o(.ARM.Collect$$rtexit$$00000000)
    .ARM.Collect$$rtexit$$00000002           0x00000314   Section        0  rtexit2.o(.ARM.Collect$$rtexit$$00000002)
    .ARM.Collect$$rtexit$$00000003           0x00000314   Section        4  rtexit2.o(.ARM.Collect$$rtexit$$00000003)
    .ARM.Collect$$rtexit$$00000004           0x00000318   Section        6  rtexit2.o(.ARM.Collect$$rtexit$$00000004)
    .text                                    0x00000320   Section       48  startup.o(.text)
    .text                                    0x00000350   Section       64  random.o(.text)
    .text                                    0x00000390   Section        0  exit.o(.text)
    .text                                    0x000003a2   Section        0  heapauxi.o(.text)
    .text                                    0x000003a8   Section        0  sys_exit.o(.text)
    .text                                    0x000003b4   Section       74  sys_stackheap_outer.o(.text)
    .text                                    0x00000400   Section        8  libspace.o(.text)
    .text                                    0x00000408   Section        2  use_no_semi.o(.text)
    .text                                    0x0000040a   Section        0  indicate_semi.o(.text)
    i.ADC1_In                                0x0000040c   Section        0  texas.o(i.ADC1_In)
    i.ADC1_Init                              0x00000418   Section        0  texas.o(i.ADC1_Init)
    i.BYE                                    0x000004e0   Section        0  spaceinvaders.o(i.BYE)
    i.Draw                                   0x0000054c   Section        0  spaceinvaders.o(i.Draw)
    i.GPIOPortC_Handler                      0x000005b8   Section        0  isrs.o(i.GPIOPortC_Handler)
    i.GPIOPortD_Handler                      0x0000060c   Section        0  isrs.o(i.GPIOPortD_Handler)
    i.GPIOPortE_Handler                      0x00000660   Section        0  isrs.o(i.GPIOPortE_Handler)
    i.GameOver                               0x000006a0   Section        0  spaceinvaders.o(i.GameOver)
    i.Init                                   0x000006ec   Section        0  spaceinvaders.o(i.Init)
    i.IntCrtl_Init                           0x00000740   Section        0  intctrl.o(i.IntCrtl_Init)
    i.IntCtrl_EnableIRQ                      0x000007ec   Section        0  intctrl.o(i.IntCtrl_EnableIRQ)
    i.MAIN_MENU                              0x0000081c   Section        0  spaceinvaders.o(i.MAIN_MENU)
    i.Move                                   0x00000890   Section        0  spaceinvaders.o(i.Move)
    i.Nokia5110_Clear                        0x000008d4   Section        0  nokia5110.o(i.Nokia5110_Clear)
    i.Nokia5110_ClearBuffer                  0x000008f4   Section        0  nokia5110.o(i.Nokia5110_ClearBuffer)
    i.Nokia5110_DisplayBuffer                0x0000090c   Section        0  nokia5110.o(i.Nokia5110_DisplayBuffer)
    i.Nokia5110_DrawFullImage                0x0000091c   Section        0  nokia5110.o(i.Nokia5110_DrawFullImage)
    i.Nokia5110_Init                         0x00000940   Section        0  nokia5110.o(i.Nokia5110_Init)
    i.Nokia5110_OutChar                      0x00000a98   Section        0  nokia5110.o(i.Nokia5110_OutChar)
    i.Nokia5110_OutString                    0x00000ad0   Section        0  nokia5110.o(i.Nokia5110_OutString)
    i.Nokia5110_OutUDec                      0x00000ae8   Section        0  nokia5110.o(i.Nokia5110_OutUDec)
    i.Nokia5110_PrintBMP                     0x00000c84   Section        0  nokia5110.o(i.Nokia5110_PrintBMP)
    i.Nokia5110_SetCursor                    0x00000e34   Section        0  nokia5110.o(i.Nokia5110_SetCursor)
    i.PLL_Init                               0x00000e64   Section        0  texas.o(i.PLL_Init)
    i.Port_EXTI_Init                         0x00000ee0   Section        0  port.o(i.Port_EXTI_Init)
    i.Port_Init                              0x00000fc8   Section        0  port.o(i.Port_Init)
    i.SetCode                                0x000011f0   Section        0  texas.o(i.SetCode)
    i.SetCourse                              0x00001208   Section        0  texas.o(i.SetCourse)
    i.SysTick_Handler                        0x00001220   Section        0  systick.o(i.SysTick_Handler)
    i.Systick_Init                           0x00001234   Section        0  systick.o(i.Systick_Init)
    i.Systick_StartTimer                     0x00001240   Section        0  systick.o(i.Systick_StartTimer)
    i.Systick_StopTimer                      0x00001268   Section        0  systick.o(i.Systick_StopTimer)
    i.TExaS_Init                             0x00001274   Section        0  texas.o(i.TExaS_Init)
    i.Timer2A_Handler                        0x00001434   Section        0  spaceinvaders.o(i.Timer2A_Handler)
    i.Timer2_Init                            0x00001460   Section        0  spaceinvaders.o(i.Timer2_Init)
    i.Timer4A_Handler                        0x000014d0   Section        0  texas.o(i.Timer4A_Handler)
    i.Timer5A_Handler                        0x000014f0   Section        0  texas.o(i.Timer5A_Handler)
    i.UART0_Init                             0x00001520   Section        0  texas.o(i.UART0_Init)
    i.UART1_Handler                          0x000015d4   Section        0  isrs.o(i.UART1_Handler)
    i.check_Bullet_Collision                 0x00001650   Section        0  spaceinvaders.o(i.check_Bullet_Collision)
    i.check_Player_Collision                 0x0000177c   Section        0  spaceinvaders.o(i.check_Player_Collision)
    i.cpuDriver_EnableGlobalInterrupt        0x000018a4   Section        0  cpu_driver.o(i.cpuDriver_EnableGlobalInterrupt)
    i.draw_bullet                            0x000018a8   Section        0  spaceinvaders.o(i.draw_bullet)
    i.draw_enemies                           0x000018e0   Section        0  spaceinvaders.o(i.draw_enemies)
    i.draw_explosion                         0x00001924   Section        0  spaceinvaders.o(i.draw_explosion)
    i.draw_player                            0x00001990   Section        0  spaceinvaders.o(i.draw_player)
    i.fire_PlayerBullet                      0x000019f8   Section        0  spaceinvaders.o(i.fire_PlayerBullet)
    i.game_Init                              0x00001a54   Section        0  spaceinvaders.o(i.game_Init)
    i.generateEnemies                        0x00001b4c   Section        0  spaceinvaders.o(i.generateEnemies)
    i.lcdwrite                               0x00001d30   Section        0  nokia5110.o(i.lcdwrite)
    lcdwrite                                 0x00001d31   Thumb Code    68  nokia5110.o(i.lcdwrite)
    i.main                                   0x00001d7c   Section        0  main.o(i.main)
    i.main_menu_select                       0x00001dfc   Section        0  spaceinvaders.o(i.main_menu_select)
    i.move_left                              0x00001e44   Section        0  spaceinvaders.o(i.move_left)
    i.move_right                             0x00001e70   Section        0  spaceinvaders.o(i.move_right)
    i.updatePlayerBullet                     0x00001e9c   Section        0  spaceinvaders.o(i.updatePlayerBullet)
    .constdata                               0x00001f94   Section      480  nokia5110.o(.constdata)
    ASCII                                    0x00001f94   Data         480  nokia5110.o(.constdata)
    .constdata                               0x00002174   Section      360  texas.o(.constdata)
    .constdata                               0x000022dc   Section     1236  spaceinvaders.o(.constdata)
    ASCII                                    0x000022dc   Data         480  spaceinvaders.o(.constdata)
    .data                                    0x20000000   Section       52  texas.o(.data)
    .data                                    0x20000034   Section       54  spaceinvaders.o(.data)
    .data                                    0x2000006c   Section      132  spaceinvaders_lcfg.o(.data)
    .data                                    0x200000f0   Section       24  intctrl_lcfg.o(.data)
    .data                                    0x20000108   Section        1  port.o(.data)
    .data                                    0x2000010c   Section        4  systick.o(.data)
    DATA                                     0x20000110   Section        4  random.o(DATA)
    M                                        0x20000110   Data           4  random.o(DATA)
    .bss                                     0x20000114   Section      504  nokia5110.o(.bss)
    .bss                                     0x20000310   Section       56  texas.o(.bss)
    .bss                                     0x20000348   Section      128  spaceinvaders.o(.bss)
    .bss                                     0x200003c8   Section       96  libspace.o(.bss)
    HEAP                                     0x20000428   Section        0  startup.o(HEAP)
    STACK                                    0x20000428   Section     1024  startup.o(STACK)
    HeapMem                                  0x20000428   Data           0  startup.o(HEAP)
    StackMem                                 0x20000428   Data           0  startup.o(STACK)

    Global Symbols

    Symbol Name                              Value     Ov Type        Size  Object(Section)

    BuildAttributes$$THM_ISAv4$E$P$D$K$B$S$7EM$PE$A:L22UL41UL21$X:L11$S22US41US21$IEEE1$IW$USESV6$~STKCKD$USESV7$~SHL$OSPACE$ROPI$EBA8$UX$STANDARDLIB$REQ8$PRES8$EABIv2 0x00000000   Number         0  anon$$obj.o ABSOLUTE
    __ARM_use_no_argv                        0x00000000   Number         0  main.o ABSOLUTE
    __Vectors                                0x00000000   Data           0  startup.o(RESET)
    __ARM_exceptions_init                     - Undefined Weak Reference
    __alloca_initialize                       - Undefined Weak Reference
    __arm_preinit_                            - Undefined Weak Reference
    __cpp_initialize__aeabi_                  - Undefined Weak Reference
    __cxa_finalize                            - Undefined Weak Reference
    __rt_locale                               - Undefined Weak Reference
    __sigvec_lookup                           - Undefined Weak Reference
    _atexit_init                              - Undefined Weak Reference
    _call_atexit_fns                          - Undefined Weak Reference
    _clock_init                               - Undefined Weak Reference
    _fp_trap_init                             - Undefined Weak Reference
    _fp_trap_shutdown                         - Undefined Weak Reference
    _get_lc_collate                           - Undefined Weak Reference
    _get_lc_ctype                             - Undefined Weak Reference
    _get_lc_monetary                          - Undefined Weak Reference
    _get_lc_numeric                           - Undefined Weak Reference
    _get_lc_time                              - Undefined Weak Reference
    _getenv_init                              - Undefined Weak Reference
    _handle_redirection                       - Undefined Weak Reference
    _init_alloc                               - Undefined Weak Reference
    _init_user_alloc                          - Undefined Weak Reference
    _initio                                   - Undefined Weak Reference
    _rand_init                                - Undefined Weak Reference
    _signal_finish                            - Undefined Weak Reference
    _signal_init                              - Undefined Weak Reference
    _terminate_alloc                          - Undefined Weak Reference
    _terminate_user_alloc                     - Undefined Weak Reference
    _terminateio                              - Undefined Weak Reference
    Reset_Handler                            0x0000026d   Thumb Code     0  startup.o(RESET)
    NMI_Handler                              0x00000271   Thumb Code     2  startup.o(RESET)
    HardFault_Handler                        0x00000273   Thumb Code     2  startup.o(RESET)
    MemManage_Handler                        0x00000275   Thumb Code     2  startup.o(RESET)
    BusFault_Handler                         0x00000277   Thumb Code     2  startup.o(RESET)
    UsageFault_Handler                       0x00000279   Thumb Code     2  startup.o(RESET)
    SVC_Handler                              0x0000027b   Thumb Code     2  startup.o(RESET)
    DebugMon_Handler                         0x0000027d   Thumb Code     2  startup.o(RESET)
    PendSV_Handler                           0x0000027f   Thumb Code     2  startup.o(RESET)
    ADC0Seq0_Handler                         0x00000283   Thumb Code     0  startup.o(RESET)
    ADC0Seq1_Handler                         0x00000283   Thumb Code     0  startup.o(RESET)
    ADC0Seq2_Handler                         0x00000283   Thumb Code     0  startup.o(RESET)
    ADC0Seq3_Handler                         0x00000283   Thumb Code     0  startup.o(RESET)
    ADC1Seq0_Handler                         0x00000283   Thumb Code     0  startup.o(RESET)
    ADC1Seq1_Handler                         0x00000283   Thumb Code     0  startup.o(RESET)
    ADC1Seq2_Handler                         0x00000283   Thumb Code     0  startup.o(RESET)
    ADC1Seq3_Handler                         0x00000283   Thumb Code     0  startup.o(RESET)
    CAN0_Handler                             0x00000283   Thumb Code     0  startup.o(RESET)
    CAN1_Handler                             0x00000283   Thumb Code     0  startup.o(RESET)
    CAN2_Handler                             0x00000283   Thumb Code     0  startup.o(RESET)
    Comp0_Handler                            0x00000283   Thumb Code     0  startup.o(RESET)
    Comp1_Handler                            0x00000283   Thumb Code     0  startup.o(RESET)
    Comp2_Handler                            0x00000283   Thumb Code     0  startup.o(RESET)
    Ethernet_Handler                         0x00000283   Thumb Code     0  startup.o(RESET)
    ExtBus_Handler                           0x00000283   Thumb Code     0  startup.o(RESET)
    FPU_Handler                              0x00000283   Thumb Code     0  startup.o(RESET)
    Fan0_Handler                             0x00000283   Thumb Code     0  startup.o(RESET)
    FlashCtl_Handler                         0x00000283   Thumb Code     0  startup.o(RESET)
    GPIOPortA_Handler                        0x00000283   Thumb Code     0  startup.o(RESET)
    GPIOPortB_Handler                        0x00000283   Thumb Code     0  startup.o(RESET)
    GPIOPortF_Handler                        0x00000283   Thumb Code     0  startup.o(RESET)
    GPIOPortG_Handler                        0x00000283   Thumb Code     0  startup.o(RESET)
    GPIOPortH_Handler                        0x00000283   Thumb Code     0  startup.o(RESET)
    GPIOPortJ_Handler                        0x00000283   Thumb Code     0  startup.o(RESET)
    GPIOPortK_Handler                        0x00000283   Thumb Code     0  startup.o(RESET)
    GPIOPortL_Handler                        0x00000283   Thumb Code     0  startup.o(RESET)
    GPIOPortM_Handler                        0x00000283   Thumb Code     0  startup.o(RESET)
    GPIOPortN_Handler                        0x00000283   Thumb Code     0  startup.o(RESET)
    GPIOPortP1_Handler                       0x00000283   Thumb Code     0  startup.o(RESET)
    GPIOPortP2_Handler                       0x00000283   Thumb Code     0  startup.o(RESET)
    GPIOPortP3_Handler                       0x00000283   Thumb Code     0  startup.o(RESET)
    GPIOPortP4_Handler                       0x00000283   Thumb Code     0  startup.o(RESET)
    GPIOPortP5_Handler                       0x00000283   Thumb Code     0  startup.o(RESET)
    GPIOPortP6_Handler                       0x00000283   Thumb Code     0  startup.o(RESET)
    GPIOPortP7_Handler                       0x00000283   Thumb Code     0  startup.o(RESET)
    GPIOPortP_Handler                        0x00000283   Thumb Code     0  startup.o(RESET)
    GPIOPortQ1_Handler                       0x00000283   Thumb Code     0  startup.o(RESET)
    GPIOPortQ2_Handler                       0x00000283   Thumb Code     0  startup.o(RESET)
    GPIOPortQ3_Handler                       0x00000283   Thumb Code     0  startup.o(RESET)
    GPIOPortQ4_Handler                       0x00000283   Thumb Code     0  startup.o(RESET)
    GPIOPortQ5_Handler                       0x00000283   Thumb Code     0  startup.o(RESET)
    GPIOPortQ6_Handler                       0x00000283   Thumb Code     0  startup.o(RESET)
    GPIOPortQ7_Handler                       0x00000283   Thumb Code     0  startup.o(RESET)
    GPIOPortQ_Handler                        0x00000283   Thumb Code     0  startup.o(RESET)
    GPIOPortR_Handler                        0x00000283   Thumb Code     0  startup.o(RESET)
    GPIOPortS_Handler                        0x00000283   Thumb Code     0  startup.o(RESET)
    Hibernate_Handler                        0x00000283   Thumb Code     0  startup.o(RESET)
    I2C0_Handler                             0x00000283   Thumb Code     0  startup.o(RESET)
    I2C1_Handler                             0x00000283   Thumb Code     0  startup.o(RESET)
    I2C2_Handler                             0x00000283   Thumb Code     0  startup.o(RESET)
    I2C3_Handler                             0x00000283   Thumb Code     0  startup.o(RESET)
    I2C4_Handler                             0x00000283   Thumb Code     0  startup.o(RESET)
    I2C5_Handler                             0x00000283   Thumb Code     0  startup.o(RESET)
    I2S0_Handler                             0x00000283   Thumb Code     0  startup.o(RESET)
    LPC0_Handler                             0x00000283   Thumb Code     0  startup.o(RESET)
    PECI0_Handler                            0x00000283   Thumb Code     0  startup.o(RESET)
    PWM0Fault_Handler                        0x00000283   Thumb Code     0  startup.o(RESET)
    PWM0Generator0_Handler                   0x00000283   Thumb Code     0  startup.o(RESET)
    PWM0Generator1_Handler                   0x00000283   Thumb Code     0  startup.o(RESET)
    PWM0Generator2_Handler                   0x00000283   Thumb Code     0  startup.o(RESET)
    PWM0Generator3_Handler                   0x00000283   Thumb Code     0  startup.o(RESET)
    PWM1Fault_Handler                        0x00000283   Thumb Code     0  startup.o(RESET)
    PWM1Generator0_Handler                   0x00000283   Thumb Code     0  startup.o(RESET)
    PWM1Generator1_Handler                   0x00000283   Thumb Code     0  startup.o(RESET)
    PWM1Generator2_Handler                   0x00000283   Thumb Code     0  startup.o(RESET)
    PWM1Generator3_Handler                   0x00000283   Thumb Code     0  startup.o(RESET)
    Quadrature0_Handler                      0x00000283   Thumb Code     0  startup.o(RESET)
    Quadrature1_Handler                      0x00000283   Thumb Code     0  startup.o(RESET)
    Quadrature2_Handler                      0x00000283   Thumb Code     0  startup.o(RESET)
    SSI0_Handler                             0x00000283   Thumb Code     0  startup.o(RESET)
    SSI1_Handler                             0x00000283   Thumb Code     0  startup.o(RESET)
    SSI2_Handler                             0x00000283   Thumb Code     0  startup.o(RESET)
    SSI3_Handler                             0x00000283   Thumb Code     0  startup.o(RESET)
    SysCtl_Handler                           0x00000283   Thumb Code     0  startup.o(RESET)
    Timer0A_Handler                          0x00000283   Thumb Code     0  startup.o(RESET)
    Timer0B_Handler                          0x00000283   Thumb Code     0  startup.o(RESET)
    Timer1A_Handler                          0x00000283   Thumb Code     0  startup.o(RESET)
    Timer1B_Handler                          0x00000283   Thumb Code     0  startup.o(RESET)
    Timer2B_Handler                          0x00000283   Thumb Code     0  startup.o(RESET)
    Timer3A_Handler                          0x00000283   Thumb Code     0  startup.o(RESET)
    Timer3B_Handler                          0x00000283   Thumb Code     0  startup.o(RESET)
    Timer4B_Handler                          0x00000283   Thumb Code     0  startup.o(RESET)
    Timer5B_Handler                          0x00000283   Thumb Code     0  startup.o(RESET)
    UART0_Handler                            0x00000283   Thumb Code     0  startup.o(RESET)
    UART2_Handler                            0x00000283   Thumb Code     0  startup.o(RESET)
    UART3_Handler                            0x00000283   Thumb Code     0  startup.o(RESET)
    UART4_Handler                            0x00000283   Thumb Code     0  startup.o(RESET)
    UART5_Handler                            0x00000283   Thumb Code     0  startup.o(RESET)
    UART6_Handler                            0x00000283   Thumb Code     0  startup.o(RESET)
    UART7_Handler                            0x00000283   Thumb Code     0  startup.o(RESET)
    USB0_Handler                             0x00000283   Thumb Code     0  startup.o(RESET)
    WDT_Handler                              0x00000283   Thumb Code     0  startup.o(RESET)
    WideTimer0A_Handler                      0x00000283   Thumb Code     0  startup.o(RESET)
    WideTimer0B_Handler                      0x00000283   Thumb Code     0  startup.o(RESET)
    WideTimer1A_Handler                      0x00000283   Thumb Code     0  startup.o(RESET)
    WideTimer1B_Handler                      0x00000283   Thumb Code     0  startup.o(RESET)
    WideTimer2A_Handler                      0x00000283   Thumb Code     0  startup.o(RESET)
    WideTimer2B_Handler                      0x00000283   Thumb Code     0  startup.o(RESET)
    WideTimer3A_Handler                      0x00000283   Thumb Code     0  startup.o(RESET)
    WideTimer3B_Handler                      0x00000283   Thumb Code     0  startup.o(RESET)
    WideTimer4A_Handler                      0x00000283   Thumb Code     0  startup.o(RESET)
    WideTimer4B_Handler                      0x00000283   Thumb Code     0  startup.o(RESET)
    WideTimer5A_Handler                      0x00000283   Thumb Code     0  startup.o(RESET)
    WideTimer5B_Handler                      0x00000283   Thumb Code     0  startup.o(RESET)
    uDMA_Error                               0x00000283   Thumb Code     0  startup.o(RESET)
    uDMA_Handler                             0x00000283   Thumb Code     0  startup.o(RESET)
    __main                                   0x00000285   Thumb Code     8  __main.o(!!!main)
    __scatterload                            0x0000028d   Thumb Code     0  __scatter.o(!!!scatter)
    __scatterload_rt2                        0x0000028d   Thumb Code    44  __scatter.o(!!!scatter)
    __scatterload_rt2_thumb_only             0x0000028d   Thumb Code     0  __scatter.o(!!!scatter)
    __scatterload_null                       0x0000029b   Thumb Code     0  __scatter.o(!!!scatter)
    __scatterload_copy                       0x000002c1   Thumb Code    26  __scatter_copy.o(!!handler_copy)
    __scatterload_zeroinit                   0x000002dd   Thumb Code    28  __scatter_zi.o(!!handler_zi)
    __rt_lib_init                            0x000002f9   Thumb Code     0  libinit.o(.ARM.Collect$$libinit$$00000000)
    __rt_lib_init_alloca_1                   0x000002fb   Thumb Code     0  libinit2.o(.ARM.Collect$$libinit$$0000002E)
    __rt_lib_init_argv_1                     0x000002fb   Thumb Code     0  libinit2.o(.ARM.Collect$$libinit$$0000002C)
    __rt_lib_init_atexit_1                   0x000002fb   Thumb Code     0  libinit2.o(.ARM.Collect$$libinit$$0000001B)
    __rt_lib_init_clock_1                    0x000002fb   Thumb Code     0  libinit2.o(.ARM.Collect$$libinit$$00000021)
    __rt_lib_init_cpp_1                      0x000002fb   Thumb Code     0  libinit2.o(.ARM.Collect$$libinit$$00000032)
    __rt_lib_init_exceptions_1               0x000002fb   Thumb Code     0  libinit2.o(.ARM.Collect$$libinit$$00000030)
    __rt_lib_init_fp_1                       0x000002fb   Thumb Code     0  libinit2.o(.ARM.Collect$$libinit$$00000002)
    __rt_lib_init_fp_trap_1                  0x000002fb   Thumb Code     0  libinit2.o(.ARM.Collect$$libinit$$0000001F)
    __rt_lib_init_getenv_1                   0x000002fb   Thumb Code     0  libinit2.o(.ARM.Collect$$libinit$$00000023)
    __rt_lib_init_heap_1                     0x000002fb   Thumb Code     0  libinit2.o(.ARM.Collect$$libinit$$0000000A)
    __rt_lib_init_lc_collate_1               0x000002fb   Thumb Code     0  libinit2.o(.ARM.Collect$$libinit$$00000011)
    __rt_lib_init_lc_ctype_1                 0x000002fb   Thumb Code     0  libinit2.o(.ARM.Collect$$libinit$$00000013)
    __rt_lib_init_lc_monetary_1              0x000002fb   Thumb Code     0  libinit2.o(.ARM.Collect$$libinit$$00000015)
    __rt_lib_init_lc_numeric_1               0x000002fb   Thumb Code     0  libinit2.o(.ARM.Collect$$libinit$$00000017)
    __rt_lib_init_lc_time_1                  0x000002fb   Thumb Code     0  libinit2.o(.ARM.Collect$$libinit$$00000019)
    __rt_lib_init_preinit_1                  0x000002fb   Thumb Code     0  libinit2.o(.ARM.Collect$$libinit$$00000004)
    __rt_lib_init_rand_1                     0x000002fb   Thumb Code     0  libinit2.o(.ARM.Collect$$libinit$$0000000E)
    __rt_lib_init_return                     0x000002fb   Thumb Code     0  libinit2.o(.ARM.Collect$$libinit$$00000033)
    __rt_lib_init_signal_1                   0x000002fb   Thumb Code     0  libinit2.o(.ARM.Collect$$libinit$$0000001D)
    __rt_lib_init_stdio_1                    0x000002fb   Thumb Code     0  libinit2.o(.ARM.Collect$$libinit$$00000025)
    __rt_lib_init_user_alloc_1               0x000002fb   Thumb Code     0  libinit2.o(.ARM.Collect$$libinit$$0000000C)
    __rt_lib_shutdown                        0x000002fd   Thumb Code     0  libshutdown.o(.ARM.Collect$$libshutdown$$00000000)
    __rt_lib_shutdown_cpp_1                  0x000002ff   Thumb Code     0  libshutdown2.o(.ARM.Collect$$libshutdown$$00000002)
    __rt_lib_shutdown_fp_trap_1              0x000002ff   Thumb Code     0  libshutdown2.o(.ARM.Collect$$libshutdown$$00000007)
    __rt_lib_shutdown_heap_1                 0x000002ff   Thumb Code     0  libshutdown2.o(.ARM.Collect$$libshutdown$$0000000F)
    __rt_lib_shutdown_return                 0x000002ff   Thumb Code     0  libshutdown2.o(.ARM.Collect$$libshutdown$$00000010)
    __rt_lib_shutdown_signal_1               0x000002ff   Thumb Code     0  libshutdown2.o(.ARM.Collect$$libshutdown$$0000000A)
    __rt_lib_shutdown_stdio_1                0x000002ff   Thumb Code     0  libshutdown2.o(.ARM.Collect$$libshutdown$$00000004)
    __rt_lib_shutdown_user_alloc_1           0x000002ff   Thumb Code     0  libshutdown2.o(.ARM.Collect$$libshutdown$$0000000C)
    __rt_entry                               0x00000301   Thumb Code     0  __rtentry.o(.ARM.Collect$$rtentry$$00000000)
    __rt_entry_presh_1                       0x00000301   Thumb Code     0  __rtentry2.o(.ARM.Collect$$rtentry$$00000002)
    __rt_entry_sh                            0x00000301   Thumb Code     0  __rtentry4.o(.ARM.Collect$$rtentry$$00000004)
    __rt_entry_li                            0x00000307   Thumb Code     0  __rtentry2.o(.ARM.Collect$$rtentry$$0000000A)
    __rt_entry_postsh_1                      0x00000307   Thumb Code     0  __rtentry2.o(.ARM.Collect$$rtentry$$00000009)
    __rt_entry_main                          0x0000030b   Thumb Code     0  __rtentry2.o(.ARM.Collect$$rtentry$$0000000D)
    __rt_entry_postli_1                      0x0000030b   Thumb Code     0  __rtentry2.o(.ARM.Collect$$rtentry$$0000000C)
    __rt_exit                                0x00000313   Thumb Code     0  rtexit.o(.ARM.Collect$$rtexit$$00000000)
    __rt_exit_ls                             0x00000315   Thumb Code     0  rtexit2.o(.ARM.Collect$$rtexit$$00000003)
    __rt_exit_prels_1                        0x00000315   Thumb Code     0  rtexit2.o(.ARM.Collect$$rtexit$$00000002)
    __rt_exit_exit                           0x00000319   Thumb Code     0  rtexit2.o(.ARM.Collect$$rtexit$$00000004)
    DisableInterrupts                        0x00000321   Thumb Code     0  startup.o(.text)
    EnableInterrupts                         0x00000325   Thumb Code     0  startup.o(.text)
    StartCritical                            0x00000329   Thumb Code     0  startup.o(.text)
    EndCritical                              0x00000331   Thumb Code     0  startup.o(.text)
    WaitForInterrupt                         0x00000337   Thumb Code     0  startup.o(.text)
    __user_initial_stackheap                 0x0000033b   Thumb Code     0  startup.o(.text)
    Random_Init                              0x00000351   Thumb Code     0  random.o(.text)
    Random32                                 0x0000035b   Thumb Code     2  random.o(.text)
    Random                                   0x0000036d   Thumb Code     2  random.o(.text)
    exit                                     0x00000391   Thumb Code    18  exit.o(.text)
    __use_two_region_memory                  0x000003a3   Thumb Code     2  heapauxi.o(.text)
    __rt_heap_escrow$2region                 0x000003a5   Thumb Code     2  heapauxi.o(.text)
    __rt_heap_expand$2region                 0x000003a7   Thumb Code     2  heapauxi.o(.text)
    _sys_exit                                0x000003a9   Thumb Code     8  sys_exit.o(.text)
    __user_setup_stackheap                   0x000003b5   Thumb Code    74  sys_stackheap_outer.o(.text)
    __user_libspace                          0x00000401   Thumb Code     8  libspace.o(.text)
    __user_perproc_libspace                  0x00000401   Thumb Code     0  libspace.o(.text)
    __user_perthread_libspace                0x00000401   Thumb Code     0  libspace.o(.text)
    __I$use$semihosting                      0x00000409   Thumb Code     0  use_no_semi.o(.text)
    __use_no_semihosting_swi                 0x00000409   Thumb Code     2  use_no_semi.o(.text)
    __semihosting_library_function           0x0000040b   Thumb Code     0  indicate_semi.o(.text)
    ADC1_In                                  0x0000040d   Thumb Code     6  texas.o(i.ADC1_In)
    ADC1_Init                                0x00000419   Thumb Code   176  texas.o(i.ADC1_Init)
    BYE                                      0x000004e1   Thumb Code    82  spaceinvaders.o(i.BYE)
    Draw                                     0x0000054d   Thumb Code    98  spaceinvaders.o(i.Draw)
    GPIOPortC_Handler                        0x000005b9   Thumb Code    70  isrs.o(i.GPIOPortC_Handler)
    GPIOPortD_Handler                        0x0000060d   Thumb Code    70  isrs.o(i.GPIOPortD_Handler)
    GPIOPortE_Handler                        0x00000661   Thumb Code    54  isrs.o(i.GPIOPortE_Handler)
    GameOver                                 0x000006a1   Thumb Code    56  spaceinvaders.o(i.GameOver)
    Init                                     0x000006ed   Thumb Code    76  spaceinvaders.o(i.Init)
    IntCrtl_Init                             0x00000741   Thumb Code   158  intctrl.o(i.IntCrtl_Init)
    IntCtrl_EnableIRQ                        0x000007ed   Thumb Code    46  intctrl.o(i.IntCtrl_EnableIRQ)
    MAIN_MENU                                0x0000081d   Thumb Code    64  spaceinvaders.o(i.MAIN_MENU)
    Move                                     0x00000891   Thumb Code    62  spaceinvaders.o(i.Move)
    Nokia5110_Clear                          0x000008d5   Thumb Code    32  nokia5110.o(i.Nokia5110_Clear)
    Nokia5110_ClearBuffer                    0x000008f5   Thumb Code    20  nokia5110.o(i.Nokia5110_ClearBuffer)
    Nokia5110_DisplayBuffer                  0x0000090d   Thumb Code    10  nokia5110.o(i.Nokia5110_DisplayBuffer)
    Nokia5110_DrawFullImage                  0x0000091d   Thumb Code    34  nokia5110.o(i.Nokia5110_DrawFullImage)
    Nokia5110_Init                           0x00000941   Thumb Code   308  nokia5110.o(i.Nokia5110_Init)
    Nokia5110_OutChar                        0x00000a99   Thumb Code    52  nokia5110.o(i.Nokia5110_OutChar)
    Nokia5110_OutString                      0x00000ad1   Thumb Code    22  nokia5110.o(i.Nokia5110_OutString)
    Nokia5110_OutUDec                        0x00000ae9   Thumb Code   394  nokia5110.o(i.Nokia5110_OutUDec)
    Nokia5110_PrintBMP                       0x00000c85   Thumb Code   428  nokia5110.o(i.Nokia5110_PrintBMP)
    Nokia5110_SetCursor                      0x00000e35   Thumb Code    48  nokia5110.o(i.Nokia5110_SetCursor)
    PLL_Init                                 0x00000e65   Thumb Code   120  texas.o(i.PLL_Init)
    Port_EXTI_Init                           0x00000ee1   Thumb Code   230  port.o(i.Port_EXTI_Init)
    Port_Init                                0x00000fc9   Thumb Code   532  port.o(i.Port_Init)
    SetCode                                  0x000011f1   Thumb Code    20  texas.o(i.SetCode)
    SetCourse                                0x00001209   Thumb Code    20  texas.o(i.SetCourse)
    SysTick_Handler                          0x00001221   Thumb Code    14  systick.o(i.SysTick_Handler)
    Systick_Init                             0x00001235   Thumb Code    10  systick.o(i.Systick_Init)
    Systick_StartTimer                       0x00001241   Thumb Code    34  systick.o(i.Systick_StartTimer)
    Systick_StopTimer                        0x00001269   Thumb Code    10  systick.o(i.Systick_StopTimer)
    TExaS_Init                               0x00001275   Thumb Code   320  texas.o(i.TExaS_Init)
    Timer2A_Handler                          0x00001435   Thumb Code    30  spaceinvaders.o(i.Timer2A_Handler)
    Timer2_Init                              0x00001461   Thumb Code    86  spaceinvaders.o(i.Timer2_Init)
    Timer4A_Handler                          0x000014d1   Thumb Code    18  texas.o(i.Timer4A_Handler)
    Timer5A_Handler                          0x000014f1   Thumb Code    34  texas.o(i.Timer5A_Handler)
    UART0_Init                               0x00001521   Thumb Code   156  texas.o(i.UART0_Init)
    UART1_Handler                            0x000015d5   Thumb Code    98  isrs.o(i.UART1_Handler)
    check_Bullet_Collision                   0x00001651   Thumb Code   272  spaceinvaders.o(i.check_Bullet_Collision)
    check_Player_Collision                   0x0000177d   Thumb Code   278  spaceinvaders.o(i.check_Player_Collision)
    cpuDriver_EnableGlobalInterrupt          0x000018a5   Thumb Code     4  cpu_driver.o(i.cpuDriver_EnableGlobalInterrupt)
    draw_bullet                              0x000018a9   Thumb Code    48  spaceinvaders.o(i.draw_bullet)
    draw_enemies                             0x000018e1   Thumb Code    58  spaceinvaders.o(i.draw_enemies)
    draw_explosion                           0x00001925   Thumb Code    86  spaceinvaders.o(i.draw_explosion)
    draw_player                              0x00001991   Thumb Code    80  spaceinvaders.o(i.draw_player)
    fire_PlayerBullet                        0x000019f9   Thumb Code    84  spaceinvaders.o(i.fire_PlayerBullet)
    game_Init                                0x00001a55   Thumb Code   182  spaceinvaders.o(i.game_Init)
    generateEnemies                          0x00001b4d   Thumb Code   480  spaceinvaders.o(i.generateEnemies)
    main                                     0x00001d7d   Thumb Code   112  main.o(i.main)
    main_menu_select                         0x00001dfd   Thumb Code    58  spaceinvaders.o(i.main_menu_select)
    move_left                                0x00001e45   Thumb Code    38  spaceinvaders.o(i.move_left)
    move_right                               0x00001e71   Thumb Code    38  spaceinvaders.o(i.move_right)
    updatePlayerBullet                       0x00001e9d   Thumb Code   224  spaceinvaders.o(i.updatePlayerBullet)
    NoInputMsg                               0x00002174   Data          40  texas.o(.constdata)
    OutputPortMsg0                           0x0000219c   Data          40  texas.o(.constdata)
    OutputPortMsg1                           0x000021c4   Data          40  texas.o(.constdata)
    OutputPortMsg2                           0x000021ec   Data          40  texas.o(.constdata)
    OutputPortMsg3                           0x00002214   Data          40  texas.o(.constdata)
    BlankMsg                                 0x0000223c   Data          40  texas.o(.constdata)
    InitializedMsg                           0x00002264   Data          40  texas.o(.constdata)
    IntroMsg                                 0x0000228c   Data          40  texas.o(.constdata)
    DoneMsg                                  0x000022b4   Data          40  texas.o(.constdata)
    SmallEnemy10PointA                       0x000024bc   Data         199  spaceinvaders.o(.constdata)
    PlayerShip0                              0x00002583   Data         215  spaceinvaders.o(.constdata)
    Bullet_Map                               0x0000265a   Data         143  spaceinvaders.o(.constdata)
    smallexplosion0                          0x000026e9   Data         199  spaceinvaders.o(.constdata)
    Region$$Table$$Base                      0x000027b0   Number         0  anon$$obj.o(Region$$Table)
    Region$$Table$$Limit                     0x000027d0   Number         0  anon$$obj.o(Region$$Table)
    TExaS_Ports                              0x20000000   Data           8  texas.o(.data)
    Display                                  0x20000008   Data           1  texas.o(.data)
    TExaS_Meter                              0x2000000c   Data           4  texas.o(.data)
    ADCnum                                   0x20000010   Data           4  texas.o(.data)
    TExaS_Period                             0x20000014   Data           4  texas.o(.data)
    LastMode                                 0x20000018   Data           4  texas.o(.data)
    bFlag                                    0x2000001c   Data           4  texas.o(.data)
    Count                                    0x20000020   Data           4  texas.o(.data)
    DelayBetweenTests                        0x20000024   Data           4  texas.o(.data)
    TExaS_Test                               0x20000028   Data           4  texas.o(.data)
    ScopeMode                                0x2000002c   Data           4  texas.o(.data)
    ScopeCount                               0x20000030   Data           4  texas.o(.data)
    flag                                     0x20000034   Data           1  spaceinvaders.o(.data)
    flag2                                    0x20000035   Data           1  spaceinvaders.o(.data)
    max_score                                0x20000038   Data           4  spaceinvaders.o(.data)
    nextBullet                               0x2000003c   Data           1  spaceinvaders.o(.data)
    bulletsCounter                           0x2000003d   Data           1  spaceinvaders.o(.data)
    mnk4                                     0x2000003e   Data           1  spaceinvaders.o(.data)
    lifes                                    0x2000003f   Data           1  spaceinvaders.o(.data)
    enemyGenrateFlag                         0x20000040   Data           1  spaceinvaders.o(.data)
    generateCount                            0x20000041   Data           1  spaceinvaders.o(.data)
    start                                    0x20000042   Data           1  spaceinvaders.o(.data)
    bye                                      0x20000043   Data           1  spaceinvaders.o(.data)
    receivedChar                             0x20000044   Data           1  spaceinvaders.o(.data)
    FrameCount                               0x20000048   Data           4  spaceinvaders.o(.data)
    TimerCount                               0x2000004c   Data           4  spaceinvaders.o(.data)
    Semaphore                                0x20000050   Data           4  spaceinvaders.o(.data)
    SW1                                      0x20000054   Data           4  spaceinvaders.o(.data)
    SW2                                      0x20000058   Data           4  spaceinvaders.o(.data)
    moveLeft_Flag                            0x2000005c   Data           1  spaceinvaders.o(.data)
    moveRight_Flag                           0x2000005d   Data           1  spaceinvaders.o(.data)
    fireBullet_Flag                          0x2000005e   Data           1  spaceinvaders.o(.data)
    Explosion_xPos                           0x20000060   Data           2  spaceinvaders.o(.data)
    Explosion_yPos                           0x20000062   Data           2  spaceinvaders.o(.data)
    player                                   0x20000064   Data           6  spaceinvaders.o(.data)
    led_indicators                           0x2000006c   Data          36  spaceinvaders_lcfg.o(.data)
    Move_Right_Button                        0x20000090   Data          12  spaceinvaders_lcfg.o(.data)
    Right_Button                             0x2000009c   Data          12  spaceinvaders_lcfg.o(.data)
    Fire_Button                              0x200000a8   Data          12  spaceinvaders_lcfg.o(.data)
    Fire_EXTI_Button                         0x200000b4   Data          12  spaceinvaders_lcfg.o(.data)
    Move_Left_Button                         0x200000c0   Data          12  spaceinvaders_lcfg.o(.data)
    Left_Button                              0x200000cc   Data          12  spaceinvaders_lcfg.o(.data)
    UART1_Rx                                 0x200000d8   Data          12  spaceinvaders_lcfg.o(.data)
    UART1_Tx                                 0x200000e4   Data          12  spaceinvaders_lcfg.o(.data)
    Int_RightButton                          0x200000f0   Data           6  intctrl_lcfg.o(.data)
    UART1_int                                0x200000f6   Data           6  intctrl_lcfg.o(.data)
    Int_LeftButton                           0x200000fc   Data           6  intctrl_lcfg.o(.data)
    Int_FireButton                           0x20000102   Data           6  intctrl_lcfg.o(.data)
    x                                        0x20000108   Data           1  port.o(.data)
    Ptr_to_Fn                                0x2000010c   Data           4  systick.o(.data)
    Screen                                   0x20000114   Data         504  nokia5110.o(.bss)
    TExaS                                    0x20000310   Data          56  texas.o(.bss)
    playerBullet                             0x20000348   Data          24  spaceinvaders.o(.bss)
    enemies                                  0x20000360   Data          24  spaceinvaders.o(.bss)
    Enemy                                    0x20000378   Data          80  spaceinvaders.o(.bss)
    __libspace_start                         0x200003c8   Data          96  libspace.o(.bss)
    __temporary_stack_top$libspace           0x20000428   Data           0  libspace.o(.bss)



==============================================================================

Memory Map of the image

  Image Entry point : 0x0000026d

  Load Region LR_1 (Base: 0x00000000, Size: 0x000028e4, Max: 0xffffffff, ABSOLUTE)

    Execution Region ER_RO (Exec base: 0x00000000, Load base: 0x00000000, Size: 0x000027d0, Max: 0xffffffff, ABSOLUTE)

    Exec Addr    Load Addr    Size         Type   Attr      Idx    E Section Name        Object

    0x00000000   0x00000000   0x00000284   Code   RO            3  * RESET               startup.o
    0x00000284   0x00000284   0x00000008   Code   RO          692  * !!!main             c_w.l(__main.o)
    0x0000028c   0x0000028c   0x00000034   Code   RO          847    !!!scatter          c_w.l(__scatter.o)
    0x000002c0   0x000002c0   0x0000001a   Code   RO          849    !!handler_copy      c_w.l(__scatter_copy.o)
    0x000002da   0x000002da   0x00000002   PAD
    0x000002dc   0x000002dc   0x0000001c   Code   RO          851    !!handler_zi        c_w.l(__scatter_zi.o)
    0x000002f8   0x000002f8   0x00000002   Code   RO          730    .ARM.Collect$$libinit$$00000000  c_w.l(libinit.o)
    0x000002fa   0x000002fa   0x00000000   Code   RO          739    .ARM.Collect$$libinit$$00000002  c_w.l(libinit2.o)
    0x000002fa   0x000002fa   0x00000000   Code   RO          741    .ARM.Collect$$libinit$$00000004  c_w.l(libinit2.o)
    0x000002fa   0x000002fa   0x00000000   Code   RO          744    .ARM.Collect$$libinit$$0000000A  c_w.l(libinit2.o)
    0x000002fa   0x000002fa   0x00000000   Code   RO          746    .ARM.Collect$$libinit$$0000000C  c_w.l(libinit2.o)
    0x000002fa   0x000002fa   0x00000000   Code   RO          748    .ARM.Collect$$libinit$$0000000E  c_w.l(libinit2.o)
    0x000002fa   0x000002fa   0x00000000   Code   RO          751    .ARM.Collect$$libinit$$00000011  c_w.l(libinit2.o)
    0x000002fa   0x000002fa   0x00000000   Code   RO          753    .ARM.Collect$$libinit$$00000013  c_w.l(libinit2.o)
    0x000002fa   0x000002fa   0x00000000   Code   RO          755    .ARM.Collect$$libinit$$00000015  c_w.l(libinit2.o)
    0x000002fa   0x000002fa   0x00000000   Code   RO          757    .ARM.Collect$$libinit$$00000017  c_w.l(libinit2.o)
    0x000002fa   0x000002fa   0x00000000   Code   RO          759    .ARM.Collect$$libinit$$00000019  c_w.l(libinit2.o)
    0x000002fa   0x000002fa   0x00000000   Code   RO          761    .ARM.Collect$$libinit$$0000001B  c_w.l(libinit2.o)
    0x000002fa   0x000002fa   0x00000000   Code   RO          763    .ARM.Collect$$libinit$$0000001D  c_w.l(libinit2.o)
    0x000002fa   0x000002fa   0x00000000   Code   RO          765    .ARM.Collect$$libinit$$0000001F  c_w.l(libinit2.o)
    0x000002fa   0x000002fa   0x00000000   Code   RO          767    .ARM.Collect$$libinit$$00000021  c_w.l(libinit2.o)
    0x000002fa   0x000002fa   0x00000000   Code   RO          769    .ARM.Collect$$libinit$$00000023  c_w.l(libinit2.o)
    0x000002fa   0x000002fa   0x00000000   Code   RO          771    .ARM.Collect$$libinit$$00000025  c_w.l(libinit2.o)
    0x000002fa   0x000002fa   0x00000000   Code   RO          775    .ARM.Collect$$libinit$$0000002C  c_w.l(libinit2.o)
    0x000002fa   0x000002fa   0x00000000   Code   RO          777    .ARM.Collect$$libinit$$0000002E  c_w.l(libinit2.o)
    0x000002fa   0x000002fa   0x00000000   Code   RO          779    .ARM.Collect$$libinit$$00000030  c_w.l(libinit2.o)
    0x000002fa   0x000002fa   0x00000000   Code   RO          781    .ARM.Collect$$libinit$$00000032  c_w.l(libinit2.o)
    0x000002fa   0x000002fa   0x00000002   Code   RO          782    .ARM.Collect$$libinit$$00000033  c_w.l(libinit2.o)
    0x000002fc   0x000002fc   0x00000002   Code   RO          731    .ARM.Collect$$libshutdown$$00000000  c_w.l(libshutdown.o)
    0x000002fe   0x000002fe   0x00000000   Code   RO          784    .ARM.Collect$$libshutdown$$00000002  c_w.l(libshutdown2.o)
    0x000002fe   0x000002fe   0x00000000   Code   RO          786    .ARM.Collect$$libshutdown$$00000004  c_w.l(libshutdown2.o)
    0x000002fe   0x000002fe   0x00000000   Code   RO          789    .ARM.Collect$$libshutdown$$00000007  c_w.l(libshutdown2.o)
    0x000002fe   0x000002fe   0x00000000   Code   RO          792    .ARM.Collect$$libshutdown$$0000000A  c_w.l(libshutdown2.o)
    0x000002fe   0x000002fe   0x00000000   Code   RO          794    .ARM.Collect$$libshutdown$$0000000C  c_w.l(libshutdown2.o)
    0x000002fe   0x000002fe   0x00000000   Code   RO          797    .ARM.Collect$$libshutdown$$0000000F  c_w.l(libshutdown2.o)
    0x000002fe   0x000002fe   0x00000002   Code   RO          798    .ARM.Collect$$libshutdown$$00000010  c_w.l(libshutdown2.o)
    0x00000300   0x00000300   0x00000000   Code   RO          694    .ARM.Collect$$rtentry$$00000000  c_w.l(__rtentry.o)
    0x00000300   0x00000300   0x00000000   Code   RO          698    .ARM.Collect$$rtentry$$00000002  c_w.l(__rtentry2.o)
    0x00000300   0x00000300   0x00000006   Code   RO          710    .ARM.Collect$$rtentry$$00000004  c_w.l(__rtentry4.o)
    0x00000306   0x00000306   0x00000000   Code   RO          700    .ARM.Collect$$rtentry$$00000009  c_w.l(__rtentry2.o)
    0x00000306   0x00000306   0x00000004   Code   RO          701    .ARM.Collect$$rtentry$$0000000A  c_w.l(__rtentry2.o)
    0x0000030a   0x0000030a   0x00000000   Code   RO          703    .ARM.Collect$$rtentry$$0000000C  c_w.l(__rtentry2.o)
    0x0000030a   0x0000030a   0x00000008   Code   RO          704    .ARM.Collect$$rtentry$$0000000D  c_w.l(__rtentry2.o)
    0x00000312   0x00000312   0x00000002   Code   RO          695    .ARM.Collect$$rtexit$$00000000  c_w.l(rtexit.o)
    0x00000314   0x00000314   0x00000000   Code   RO          713    .ARM.Collect$$rtexit$$00000002  c_w.l(rtexit2.o)
    0x00000314   0x00000314   0x00000004   Code   RO          714    .ARM.Collect$$rtexit$$00000003  c_w.l(rtexit2.o)
    0x00000318   0x00000318   0x00000006   Code   RO          715    .ARM.Collect$$rtexit$$00000004  c_w.l(rtexit2.o)
    0x0000031e   0x0000031e   0x00000002   PAD
    0x00000320   0x00000320   0x00000030   Code   RO            4    .text               startup.o
    0x00000350   0x00000350   0x00000040   Code   RO           92    .text               random.o
    0x00000390   0x00000390   0x00000012   Code   RO          688    .text               c_w.l(exit.o)
    0x000003a2   0x000003a2   0x00000006   Code   RO          690    .text               c_w.l(heapauxi.o)
    0x000003a8   0x000003a8   0x0000000c   Code   RO          719    .text               c_w.l(sys_exit.o)
    0x000003b4   0x000003b4   0x0000004a   Code   RO          721    .text               c_w.l(sys_stackheap_outer.o)
    0x000003fe   0x000003fe   0x00000002   PAD
    0x00000400   0x00000400   0x00000008   Code   RO          732    .text               c_w.l(libspace.o)
    0x00000408   0x00000408   0x00000002   Code   RO          735    .text               c_w.l(use_no_semi.o)
    0x0000040a   0x0000040a   0x00000000   Code   RO          737    .text               c_w.l(indicate_semi.o)
    0x0000040a   0x0000040a   0x00000002   PAD
    0x0000040c   0x0000040c   0x0000000c   Code   RO           95    i.ADC1_In           texas.o
    0x00000418   0x00000418   0x000000c8   Code   RO           96    i.ADC1_Init         texas.o
    0x000004e0   0x000004e0   0x0000006c   Code   RO          273    i.BYE               spaceinvaders.o
    0x0000054c   0x0000054c   0x0000006c   Code   RO          274    i.Draw              spaceinvaders.o
    0x000005b8   0x000005b8   0x00000054   Code   RO          478    i.GPIOPortC_Handler  isrs.o
    0x0000060c   0x0000060c   0x00000054   Code   RO          479    i.GPIOPortD_Handler  isrs.o
    0x00000660   0x00000660   0x00000040   Code   RO          480    i.GPIOPortE_Handler  isrs.o
    0x000006a0   0x000006a0   0x0000004c   Code   RO          275    i.GameOver          spaceinvaders.o
    0x000006ec   0x000006ec   0x00000054   Code   RO          276    i.Init              spaceinvaders.o
    0x00000740   0x00000740   0x000000ac   Code   RO          556    i.IntCrtl_Init      intctrl.o
    0x000007ec   0x000007ec   0x0000002e   Code   RO          557    i.IntCtrl_EnableIRQ  intctrl.o
    0x0000081a   0x0000081a   0x00000002   PAD
    0x0000081c   0x0000081c   0x00000074   Code   RO          277    i.MAIN_MENU         spaceinvaders.o
    0x00000890   0x00000890   0x00000044   Code   RO          278    i.Move              spaceinvaders.o
    0x000008d4   0x000008d4   0x00000020   Code   RO           12    i.Nokia5110_Clear   nokia5110.o
    0x000008f4   0x000008f4   0x00000018   Code   RO           13    i.Nokia5110_ClearBuffer  nokia5110.o
    0x0000090c   0x0000090c   0x00000010   Code   RO           14    i.Nokia5110_DisplayBuffer  nokia5110.o
    0x0000091c   0x0000091c   0x00000022   Code   RO           15    i.Nokia5110_DrawFullImage  nokia5110.o
    0x0000093e   0x0000093e   0x00000002   PAD
    0x00000940   0x00000940   0x00000158   Code   RO           16    i.Nokia5110_Init    nokia5110.o
    0x00000a98   0x00000a98   0x00000038   Code   RO           17    i.Nokia5110_OutChar  nokia5110.o
    0x00000ad0   0x00000ad0   0x00000016   Code   RO           18    i.Nokia5110_OutString  nokia5110.o
    0x00000ae6   0x00000ae6   0x00000002   PAD
    0x00000ae8   0x00000ae8   0x0000019c   Code   RO           19    i.Nokia5110_OutUDec  nokia5110.o
    0x00000c84   0x00000c84   0x000001b0   Code   RO           20    i.Nokia5110_PrintBMP  nokia5110.o
    0x00000e34   0x00000e34   0x00000030   Code   RO           21    i.Nokia5110_SetCursor  nokia5110.o
    0x00000e64   0x00000e64   0x0000007c   Code   RO           97    i.PLL_Init          texas.o
    0x00000ee0   0x00000ee0   0x000000e6   Code   RO          586    i.Port_EXTI_Init    port.o
    0x00000fc6   0x00000fc6   0x00000002   PAD
    0x00000fc8   0x00000fc8   0x00000228   Code   RO          587    i.Port_Init         port.o
    0x000011f0   0x000011f0   0x00000018   Code   RO           98    i.SetCode           texas.o
    0x00001208   0x00001208   0x00000018   Code   RO           99    i.SetCourse         texas.o
    0x00001220   0x00001220   0x00000014   Code   RO          613    i.SysTick_Handler   systick.o
    0x00001234   0x00001234   0x0000000a   Code   RO          615    i.Systick_Init      systick.o
    0x0000123e   0x0000123e   0x00000002   PAD
    0x00001240   0x00001240   0x00000028   Code   RO          616    i.Systick_StartTimer  systick.o
    0x00001268   0x00001268   0x0000000a   Code   RO          617    i.Systick_StopTimer  systick.o
    0x00001272   0x00001272   0x00000002   PAD
    0x00001274   0x00001274   0x000001c0   Code   RO          103    i.TExaS_Init        texas.o
    0x00001434   0x00001434   0x0000002c   Code   RO          279    i.Timer2A_Handler   spaceinvaders.o
    0x00001460   0x00001460   0x00000070   Code   RO          280    i.Timer2_Init       spaceinvaders.o
    0x000014d0   0x000014d0   0x00000020   Code   RO          105    i.Timer4A_Handler   texas.o
    0x000014f0   0x000014f0   0x00000030   Code   RO          106    i.Timer5A_Handler   texas.o
    0x00001520   0x00001520   0x000000b4   Code   RO          109    i.UART0_Init        texas.o
    0x000015d4   0x000015d4   0x0000007c   Code   RO          481    i.UART1_Handler     isrs.o
    0x00001650   0x00001650   0x0000012c   Code   RO          283    i.check_Bullet_Collision  spaceinvaders.o
    0x0000177c   0x0000177c   0x00000128   Code   RO          284    i.check_Player_Collision  spaceinvaders.o
    0x000018a4   0x000018a4   0x00000004   Code   RO          658    i.cpuDriver_EnableGlobalInterrupt  cpu_driver.o
    0x000018a8   0x000018a8   0x00000038   Code   RO          288    i.draw_bullet       spaceinvaders.o
    0x000018e0   0x000018e0   0x00000044   Code   RO          289    i.draw_enemies      spaceinvaders.o
    0x00001924   0x00001924   0x0000006c   Code   RO          290    i.draw_explosion    spaceinvaders.o
    0x00001990   0x00001990   0x00000068   Code   RO          291    i.draw_player       spaceinvaders.o
    0x000019f8   0x000019f8   0x0000005c   Code   RO          292    i.fire_PlayerBullet  spaceinvaders.o
    0x00001a54   0x00001a54   0x000000f8   Code   RO          293    i.game_Init         spaceinvaders.o
    0x00001b4c   0x00001b4c   0x000001e4   Code   RO          294    i.generateEnemies   spaceinvaders.o
    0x00001d30   0x00001d30   0x0000004c   Code   RO           22    i.lcdwrite          nokia5110.o
    0x00001d7c   0x00001d7c   0x00000080   Code   RO          215    i.main              main.o
    0x00001dfc   0x00001dfc   0x00000048   Code   RO          295    i.main_menu_select  spaceinvaders.o
    0x00001e44   0x00001e44   0x0000002c   Code   RO          296    i.move_left         spaceinvaders.o
    0x00001e70   0x00001e70   0x0000002c   Code   RO          297    i.move_right        spaceinvaders.o
    0x00001e9c   0x00001e9c   0x000000f8   Code   RO          299    i.updatePlayerBullet  spaceinvaders.o
    0x00001f94   0x00001f94   0x000001e0   Data   RO           24    .constdata          nokia5110.o
    0x00002174   0x00002174   0x00000168   Data   RO          114    .constdata          texas.o
    0x000022dc   0x000022dc   0x000004d4   Data   RO          301    .constdata          spaceinvaders.o
    0x000027b0   0x000027b0   0x00000020   Data   RO          845    Region$$Table       anon$$obj.o


    Execution Region ER_RW (Exec base: 0x20000000, Load base: 0x000027d0, Size: 0x00000114, Max: 0xffffffff, ABSOLUTE)

    Exec Addr    Load Addr    Size         Type   Attr      Idx    E Section Name        Object

    0x20000000   0x000027d0   0x00000034   Data   RW          115    .data               texas.o
    0x20000034   0x00002804   0x00000036   Data   RW          302    .data               spaceinvaders.o
    0x2000006a   0x0000283a   0x00000002   PAD
    0x2000006c   0x0000283c   0x00000084   Data   RW          465    .data               spaceinvaders_lcfg.o
    0x200000f0   0x000028c0   0x00000018   Data   RW          577    .data               intctrl_lcfg.o
    0x20000108   0x000028d8   0x00000001   Data   RW          588    .data               port.o
    0x20000109   0x000028d9   0x00000003   PAD
    0x2000010c   0x000028dc   0x00000004   Data   RW          618    .data               systick.o
    0x20000110   0x000028e0   0x00000004   Data   RW           91    DATA                random.o


    Execution Region ER_ZI (Exec base: 0x20000114, Load base: 0x000028e4, Size: 0x00000714, Max: 0xffffffff, ABSOLUTE)

    Exec Addr    Load Addr    Size         Type   Attr      Idx    E Section Name        Object

    0x20000114        -       0x000001f8   Zero   RW           23    .bss                nokia5110.o
    0x2000030c   0x000028e4   0x00000004   PAD
    0x20000310        -       0x00000038   Zero   RW          113    .bss                texas.o
    0x20000348        -       0x00000080   Zero   RW          300    .bss                spaceinvaders.o
    0x200003c8        -       0x00000060   Zero   RW          733    .bss                c_w.l(libspace.o)
    0x20000428        -       0x00000000   Zero   RW            2    HEAP                startup.o
    0x20000428        -       0x00000400   Zero   RW            1    STACK               startup.o


==============================================================================

Image component sizes


      Code (inc. data)   RO Data    RW Data    ZI Data      Debug   Object Name

         4          0          0          0          0        450   cpu_driver.o
       218         14          0          0          0       1475   intctrl.o
         0          0          0         24          0        346   intctrl_lcfg.o
       356         64          0          0          0       1656   isrs.o
       128         16          0          0          0      15323   main.o
      1496         80        480          0        504       9561   nokia5110.o
       782         20          0          1          0       1689   port.o
        64         14          0          4          0        212   random.o
      2880        400       1236         54        128      16440   spaceinvaders.o
         0          0          0        132          0        864   spaceinvaders_lcfg.o
       692        632          0          0       1024        932   startup.o
        80         12          0          4          0       2337   systick.o
      1092        222        360         52         56      15976   texas.o

    ----------------------------------------------------------------------
      7804       1474       2108        276       1716      67261   Object Totals
         0          0         32          0          0          0   (incl. Generated)
        12          0          0          5          4          0   (incl. Padding)

    ----------------------------------------------------------------------

      Code (inc. data)   RO Data    RW Data    ZI Data      Debug   Library Member Name

         8          0          0          0          0         68   __main.o
         0          0          0          0          0          0   __rtentry.o
        12          0          0          0          0          0   __rtentry2.o
         6          0          0          0          0          0   __rtentry4.o
        52          8          0          0          0          0   __scatter.o
        26          0          0          0          0          0   __scatter_copy.o
        28          0          0          0          0          0   __scatter_zi.o
        18          0          0          0          0         80   exit.o
         6          0          0          0          0        152   heapauxi.o
         0          0          0          0          0          0   indicate_semi.o
         2          0          0          0          0          0   libinit.o
         2          0          0          0          0          0   libinit2.o
         2          0          0          0          0          0   libshutdown.o
         2          0          0          0          0          0   libshutdown2.o
         8          4          0          0         96         68   libspace.o
         2          0          0          0          0          0   rtexit.o
        10          0          0          0          0          0   rtexit2.o
        12          4          0          0          0         68   sys_exit.o
        74          0          0          0          0         80   sys_stackheap_outer.o
         2          0          0          0          0         68   use_no_semi.o

    ----------------------------------------------------------------------
       280         16          0          0         96        584   Library Totals
         8          0          0          0          0          0   (incl. Padding)

    ----------------------------------------------------------------------

      Code (inc. data)   RO Data    RW Data    ZI Data      Debug   Library Name

       272         16          0          0         96        584   c_w.l

    ----------------------------------------------------------------------
       280         16          0          0         96        584   Library Totals

    ----------------------------------------------------------------------

==============================================================================


      Code (inc. data)   RO Data    RW Data    ZI Data      Debug   

      8084       1490       2108        276       1812      65137   Grand Totals
      8084       1490       2108        276       1812      65137   ELF Image Totals
      8084       1490       2108        276          0          0   ROM Totals

==============================================================================

    Total RO  Size (Code + RO Data)                10192 (   9.95kB)
    Total RW  Size (RW Data + ZI Data)              2088 (   2.04kB)
    Total ROM Size (Code + RO Data + RW Data)      10468 (  10.22kB)

==============================================================================

